Archive member included to satisfy reference by file (symbol)

c:/program files (x86)/gnu arm embedded toolchain/10 2021.10/bin/../lib/gcc/arm-none-eabi/10.3.1/../../../../arm-none-eabi/lib/thumb/v7e-m+fp/hard\libc_nano.a(lib_a-exit.o)
                              c:/program files (x86)/gnu arm embedded toolchain/10 2021.10/bin/../lib/gcc/arm-none-eabi/10.3.1/../../../../arm-none-eabi/lib/thumb/v7e-m+fp/hard/crt0.o (exit)
c:/program files (x86)/gnu arm embedded toolchain/10 2021.10/bin/../lib/gcc/arm-none-eabi/10.3.1/../../../../arm-none-eabi/lib/thumb/v7e-m+fp/hard\libc_nano.a(lib_a-impure.o)
                              c:/program files (x86)/gnu arm embedded toolchain/10 2021.10/bin/../lib/gcc/arm-none-eabi/10.3.1/../../../../arm-none-eabi/lib/thumb/v7e-m+fp/hard\libc_nano.a(lib_a-exit.o) (_global_impure_ptr)
c:/program files (x86)/gnu arm embedded toolchain/10 2021.10/bin/../lib/gcc/arm-none-eabi/10.3.1/../../../../arm-none-eabi/lib/thumb/v7e-m+fp/hard\libc_nano.a(lib_a-init.o)
                              c:/program files (x86)/gnu arm embedded toolchain/10 2021.10/bin/../lib/gcc/arm-none-eabi/10.3.1/../../../../arm-none-eabi/lib/thumb/v7e-m+fp/hard/crt0.o (__libc_init_array)
c:/program files (x86)/gnu arm embedded toolchain/10 2021.10/bin/../lib/gcc/arm-none-eabi/10.3.1/../../../../arm-none-eabi/lib/thumb/v7e-m+fp/hard\libc_nano.a(lib_a-memcpy-stub.o)
                              build/queue.o (memcpy)
c:/program files (x86)/gnu arm embedded toolchain/10 2021.10/bin/../lib/gcc/arm-none-eabi/10.3.1/../../../../arm-none-eabi/lib/thumb/v7e-m+fp/hard\libc_nano.a(lib_a-memset.o)
                              c:/program files (x86)/gnu arm embedded toolchain/10 2021.10/bin/../lib/gcc/arm-none-eabi/10.3.1/../../../../arm-none-eabi/lib/thumb/v7e-m+fp/hard/crt0.o (memset)
c:/program files (x86)/gnu arm embedded toolchain/10 2021.10/bin/../lib/gcc/arm-none-eabi/10.3.1/../../../../arm-none-eabi/lib/thumb/v7e-m+fp/hard\libnosys.a(_exit.o)
                              c:/program files (x86)/gnu arm embedded toolchain/10 2021.10/bin/../lib/gcc/arm-none-eabi/10.3.1/../../../../arm-none-eabi/lib/thumb/v7e-m+fp/hard\libc_nano.a(lib_a-exit.o) (_exit)

Discarded input sections

 .text          0x00000000        0x0 c:/program files (x86)/gnu arm embedded toolchain/10 2021.10/bin/../lib/gcc/arm-none-eabi/10.3.1/thumb/v7e-m+fp/hard/crti.o
 .data          0x00000000        0x0 c:/program files (x86)/gnu arm embedded toolchain/10 2021.10/bin/../lib/gcc/arm-none-eabi/10.3.1/thumb/v7e-m+fp/hard/crti.o
 .bss           0x00000000        0x0 c:/program files (x86)/gnu arm embedded toolchain/10 2021.10/bin/../lib/gcc/arm-none-eabi/10.3.1/thumb/v7e-m+fp/hard/crti.o
 .data          0x00000000        0x4 c:/program files (x86)/gnu arm embedded toolchain/10 2021.10/bin/../lib/gcc/arm-none-eabi/10.3.1/thumb/v7e-m+fp/hard/crtbegin.o
 .rodata        0x00000000       0x24 c:/program files (x86)/gnu arm embedded toolchain/10 2021.10/bin/../lib/gcc/arm-none-eabi/10.3.1/thumb/v7e-m+fp/hard/crtbegin.o
 .text          0x00000000       0x7c c:/program files (x86)/gnu arm embedded toolchain/10 2021.10/bin/../lib/gcc/arm-none-eabi/10.3.1/../../../../arm-none-eabi/lib/thumb/v7e-m+fp/hard/crt0.o
 .data          0x00000000        0x0 c:/program files (x86)/gnu arm embedded toolchain/10 2021.10/bin/../lib/gcc/arm-none-eabi/10.3.1/../../../../arm-none-eabi/lib/thumb/v7e-m+fp/hard/crt0.o
 .bss           0x00000000        0x0 c:/program files (x86)/gnu arm embedded toolchain/10 2021.10/bin/../lib/gcc/arm-none-eabi/10.3.1/../../../../arm-none-eabi/lib/thumb/v7e-m+fp/hard/crt0.o
 .ARM.extab     0x00000000        0x0 c:/program files (x86)/gnu arm embedded toolchain/10 2021.10/bin/../lib/gcc/arm-none-eabi/10.3.1/../../../../arm-none-eabi/lib/thumb/v7e-m+fp/hard/crt0.o
 .ARM.exidx     0x00000000       0x10 c:/program files (x86)/gnu arm embedded toolchain/10 2021.10/bin/../lib/gcc/arm-none-eabi/10.3.1/../../../../arm-none-eabi/lib/thumb/v7e-m+fp/hard/crt0.o
 .ARM.attributes
                0x00000000       0x1c c:/program files (x86)/gnu arm embedded toolchain/10 2021.10/bin/../lib/gcc/arm-none-eabi/10.3.1/../../../../arm-none-eabi/lib/thumb/v7e-m+fp/hard/crt0.o
 .text          0x00000000        0x0 build/main.o
 .data          0x00000000        0x0 build/main.o
 .bss           0x00000000        0x0 build/main.o
 .text.delay    0x00000000       0x2c build/main.o
 .text          0x00000000        0x0 build/stm32f4xx_it.o
 .data          0x00000000        0x0 build/stm32f4xx_it.o
 .bss           0x00000000        0x0 build/stm32f4xx_it.o
 .bss.program_s
                0x00000000        0x1 build/stm32f4xx_it.o
 .bss.difs_count1
                0x00000000        0x8 build/stm32f4xx_it.o
 .text.GeterSystick
                0x00000000       0x1c build/stm32f4xx_it.o
 .text.seterSystick
                0x00000000       0x24 build/stm32f4xx_it.o
 .text.Geterms  0x00000000       0x1c build/stm32f4xx_it.o
[...]
Memory Configuration

Name             Origin             Length             Attributes
RAM              0x20000000         0x00020000         xrw
CCMRAM           0x10000000         0x00010000         xrw
FLASH            0x08000000         0x00080000         xr
*default*        0x00000000         0xffffffff

Linker script and memory map

LOAD c:/program files (x86)/gnu arm embedded toolchain/10 2021.10/bin/../lib/gcc/arm-none-eabi/10.3.1/thumb/v7e-m+fp/hard/crti.o
LOAD c:/program files (x86)/gnu arm embedded toolchain/10 2021.10/bin/../lib/gcc/arm-none-eabi/10.3.1/thumb/v7e-m+fp/hard/crtbegin.o
LOAD c:/program files (x86)/gnu arm embedded toolchain/10 2021.10/bin/../lib/gcc/arm-none-eabi/10.3.1/../../../../arm-none-eabi/lib/thumb/v7e-m+fp/hard/crt0.o
LOAD build/main.o
LOAD build/stm32f4xx_it.o
LOAD build/system_stm32f4xx.o
LOAD build/misc.o
LOAD build/stm32f4xx_can.o
LOAD build/stm32f4xx_exti.o
LOAD build/stm32f4xx_gpio.o
LOAD build/stm32f4xx_iwdg.o
LOAD build/stm32f4xx_rcc.o
LOAD build/stm32f4xx_spi.o
LOAD build/stm32f4xx_tim.o
LOAD build/stm32f4xx_usart.o
LOAD build/croutine.o
LOAD build/event_groups.o
LOAD build/list.o
LOAD build/queue.o
LOAD build/stream_buffer.o
LOAD build/tasks.o
LOAD build/timers.o
LOAD build/port.o
LOAD build/heap_4.o
LOAD build/Blu.o
LOAD build/hexString.o
LOAD build/OBDII.o
LOAD build/startup_stm32f407xx.o
LOAD c:/program files (x86)/gnu arm embedded toolchain/10 2021.10/bin/../lib/gcc/arm-none-eabi/10.3.1/../../../../arm-none-eabi/lib/thumb/v7e-m+fp/hard\libc_nano.a
LOAD c:/program files (x86)/gnu arm embedded toolchain/10 2021.10/bin/../lib/gcc/arm-none-eabi/10.3.1/../../../../arm-none-eabi/lib/thumb/v7e-m+fp/hard\libm.a
LOAD c:/program files (x86)/gnu arm embedded toolchain/10 2021.10/bin/../lib/gcc/arm-none-eabi/10.3.1/../../../../arm-none-eabi/lib/thumb/v7e-m+fp/hard\libnosys.a
START GROUP
LOAD c:/program files (x86)/gnu arm embedded toolchain/10 2021.10/bin/../lib/gcc/arm-none-eabi/10.3.1/thumb/v7e-m+fp/hard\libgcc.a
LOAD c:/program files (x86)/gnu arm embedded toolchain/10 2021.10/bin/../lib/gcc/arm-none-eabi/10.3.1/../../../../arm-none-eabi/lib/thumb/v7e-m+fp/hard\libc_nano.a
END GROUP
START GROUP
LOAD c:/program files (x86)/gnu arm embedded toolchain/10 2021.10/bin/../lib/gcc/arm-none-eabi/10.3.1/thumb/v7e-m+fp/hard\libgcc.a
LOAD c:/program files (x86)/gnu arm embedded toolchain/10 2021.10/bin/../lib/gcc/arm-none-eabi/10.3.1/../../../../arm-none-eabi/lib/thumb/v7e-m+fp/hard\libc_nano.a
END GROUP
LOAD c:/program files (x86)/gnu arm embedded toolchain/10 2021.10/bin/../lib/gcc/arm-none-eabi/10.3.1/thumb/v7e-m+fp/hard/crtend.o
LOAD c:/program files (x86)/gnu arm embedded toolchain/10 2021.10/bin/../lib/gcc/arm-none-eabi/10.3.1/thumb/v7e-m+fp/hard/crtn.o
                0x20020000                _estack = 0x20020000
                0x00000200                _Min_Heap_Size = 0x200
                0x00000400                _Min_Stack_Size = 0x400

.isr_vector     0x08000000      0x188
                0x08000000                . = ALIGN (0x4)
 *(.isr_vector)
 .isr_vector    0x08000000      0x188 build/startup_stm32f407xx.o
                0x08000000                g_pfnVectors
                0x08000188                . = ALIGN (0x4)

.text           0x08000190     0x4c44
                0x08000190                . = ALIGN (0x4)
 *(.text)
 .text          0x08000190       0x40 c:/program files (x86)/gnu arm embedded toolchain/10 2021.10/bin/../lib/gcc/arm-none-eabi/10.3.1/thumb/v7e-m+fp/hard/crtbegin.o
 *(.text*)
 .text.OBD_Task
                0x080001d0      0x244 build/main.o
                0x080001d0                OBD_Task
 .text.BL_Task  0x08000414      0x1ec build/main.o
                0x08000414                BL_Task
 .text.main     0x08000600       0x60 build/main.o
                0x08000600                main
 .text.NMI_Handler
                0x08000660        0xe build/stm32f4xx_it.o
                0x08000660                NMI_Handler
 .text.HardFault_Handler
                0x0800066e        0x6 build/stm32f4xx_it.o
                0x0800066e                HardFault_Handler
 .text.MemManage_Handler
                0x08000674        0x6 build/stm32f4xx_it.o
                0x08000674                MemManage_Handler
 .text.BusFault_Handler
                0x0800067a        0x6 build/stm32f4xx_it.o
                0x0800067a                BusFault_Handler
 .text.UsageFault_Handler
                0x08000680        0x6 build/stm32f4xx_it.o
                0x08000680                UsageFault_Handler
 .text.DebugMon_Handler
                0x08000686        0xe build/stm32f4xx_it.o
                0x08000686                DebugMon_Handler
 .text.setms_timecount
                0x08000694       0x3c build/stm32f4xx_it.o
                0x08000694                setms_timecount
 .text.setms_timecount_obd
                0x080006d0       0x3c build/stm32f4xx_it.o
                0x080006d0                setms_timecount_obd
 .text.setms_timecount_obd2
                0x0800070c       0x3c build/stm32f4xx_it.o
                0x0800070c                setms_timecount_obd2
 .text.setms_timecount_HTGP
                0x08000748       0x3c build/stm32f4xx_it.o
                0x08000748                setms_timecount_HTGP
 .text.dif_count_obd
                0x08000784       0x30 build/stm32f4xx_it.o
                0x08000784                dif_count_obd
 .text.dif_count_obd2
                0x080007b4       0x30 build/stm32f4xx_it.o
                0x080007b4                dif_count_obd2
 .text.USART2_IRQHandler
                0x080007e4       0x44 build/stm32f4xx_it.o
                0x080007e4                USART2_IRQHandler
 .text.USART1_IRQHandler
                0x08000828       0x50 build/stm32f4xx_it.o
                0x08000828                USART1_IRQHandler
 .text.TIM2_IRQHandler
                0x08000878       0x24 build/stm32f4xx_it.o
                0x08000878                TIM2_IRQHandler
 .text.CAN1_RX0_IRQHandler
                0x0800089c       0x70 build/stm32f4xx_it.o
                0x0800089c                CAN1_RX0_IRQHandler
 .text.SystemInit
                0x0800090c       0x6c build/system_stm32f4xx.o
                0x0800090c                SystemInit
 .text.SetSysClock
                0x08000978       0xf8 build/system_stm32f4xx.o
 .text.NVIC_PriorityGroupConfig
                0x08000a70       0x28 build/misc.o
                0x08000a70                NVIC_PriorityGroupConfig
 .text.NVIC_Init
                0x08000a98       0xc4 build/misc.o
                0x08000a98                NVIC_Init
 .text.CAN_Transmit
                0x08000b5c      0x1a2 build/stm32f4xx_can.o
                0x08000b5c                CAN_Transmit
 *fill*         0x08000cfe        0x2 
 .text.CAN_TransmitStatus
                0x08000d00      0x108 build/stm32f4xx_can.o
                0x08000d00                CAN_TransmitStatus
 .text.CAN_CancelTransmit
                0x08000e08       0x58 build/stm32f4xx_can.o
                0x08000e08                CAN_CancelTransmit
 .text.CAN_Receive
                0x08000e60      0x17c build/stm32f4xx_can.o
                0x08000e60                CAN_Receive
 .text.CAN_ClearFlag
                0x08000fdc       0x74 build/stm32f4xx_can.o
                0x08000fdc                CAN_ClearFlag
 .text.GPIO_Init
                0x08001050      0x11e build/stm32f4xx_gpio.o
                0x08001050                GPIO_Init
 .text.GPIO_SetBits
                0x0800116e       0x1e build/stm32f4xx_gpio.o
                0x0800116e                GPIO_SetBits
 .text.GPIO_ResetBits
                0x0800118c       0x1e build/stm32f4xx_gpio.o
                0x0800118c                GPIO_ResetBits
 .text.GPIO_PinAFConfig
                0x080011aa       0x92 build/stm32f4xx_gpio.o
                0x080011aa                GPIO_PinAFConfig
 .text.IWDG_WriteAccessCmd
                0x0800123c       0x20 build/stm32f4xx_iwdg.o
                0x0800123c                IWDG_WriteAccessCmd
 .text.IWDG_SetPrescaler
                0x0800125c       0x20 build/stm32f4xx_iwdg.o
                0x0800125c                IWDG_SetPrescaler
 .text.IWDG_SetReload
                0x0800127c       0x20 build/stm32f4xx_iwdg.o
                0x0800127c                IWDG_SetReload
 .text.IWDG_ReloadCounter
                0x0800129c       0x1c build/stm32f4xx_iwdg.o
                0x0800129c                IWDG_ReloadCounter
 .text.IWDG_Enable
                0x080012b8       0x1c build/stm32f4xx_iwdg.o
                0x080012b8                IWDG_Enable
 .text.RCC_GetClocksFreq
                0x080012d4      0x15c build/stm32f4xx_rcc.o
                0x080012d4                RCC_GetClocksFreq
 .text.RCC_APB1PeriphClockCmd
                0x08001430       0x40 build/stm32f4xx_rcc.o
                0x08001430                RCC_APB1PeriphClockCmd
 .text.RCC_APB2PeriphClockCmd
                0x08001470       0x40 build/stm32f4xx_rcc.o
                0x08001470                RCC_APB2PeriphClockCmd
 .text.RCC_APB1PeriphResetCmd
                0x080014b0       0x40 build/stm32f4xx_rcc.o
                0x080014b0                RCC_APB1PeriphResetCmd
 .text.RCC_APB2PeriphResetCmd
                0x080014f0       0x40 build/stm32f4xx_rcc.o
                0x080014f0                RCC_APB2PeriphResetCmd
 .text.TIM_DeInit
                0x08001530      0x1c0 build/stm32f4xx_tim.o
                0x08001530                TIM_DeInit
 .text.TIM_TimeBaseInit
                0x080016f0       0xd8 build/stm32f4xx_tim.o
                0x080016f0                TIM_TimeBaseInit
 .text.TIM_Cmd  0x080017c8       0x40 build/stm32f4xx_tim.o
                0x080017c8                TIM_Cmd
 .text.TIM_ITConfig
                0x08001808       0x48 build/stm32f4xx_tim.o
                0x08001808                TIM_ITConfig
 .text.TIM_ClearFlag
                0x08001850       0x22 build/stm32f4xx_tim.o
                0x08001850                TIM_ClearFlag
 .text.TIM_ClearITPendingBit
                0x08001872       0x22 build/stm32f4xx_tim.o
                0x08001872                TIM_ClearITPendingBit
 .text.USART_Init
                0x08001894      0x174 build/stm32f4xx_usart.o
                0x08001894                USART_Init
 .text.USART_Cmd
                0x08001a08       0x40 build/stm32f4xx_usart.o
                0x08001a08                USART_Cmd
 .text.USART_SendData
                0x08001a48       0x24 build/stm32f4xx_usart.o
                0x08001a48                USART_SendData
 .text.USART_ReceiveData
                0x08001a6c       0x20 build/stm32f4xx_usart.o
                0x08001a6c                USART_ReceiveData
 .text.USART_ITConfig
                0x08001a8c       0x90 build/stm32f4xx_usart.o
                0x08001a8c                USART_ITConfig
 .text.USART_GetFlagStatus
                0x08001b1c       0x38 build/stm32f4xx_usart.o
                0x08001b1c                USART_GetFlagStatus
 .text.USART_ClearFlag
                0x08001b54       0x22 build/stm32f4xx_usart.o
                0x08001b54                USART_ClearFlag
 .text.vListInitialise
                0x08001b76       0x40 build/list.o
                0x08001b76                vListInitialise
 .text.vListInitialiseItem
                0x08001bb6       0x1a build/list.o
                0x08001bb6                vListInitialiseItem
 .text.vListInsert
                0x08001bd0       0x72 build/list.o
                0x08001bd0                vListInsert
 .text.uxListRemove
                0x08001c42       0x54 build/list.o
                0x08001c42                uxListRemove
 .text.xQueueGenericReset
                0x08001c96      0x104 build/queue.o
                0x08001c96                xQueueGenericReset
 .text.xQueueGenericCreate
                0x08001d9a       0x9c build/queue.o
                0x08001d9a                xQueueGenericCreate
 .text.prvInitialiseNewQueue
                0x08001e36       0x46 build/queue.o
 .text.xQueueReceive
                0x08001e7c      0x1a8 build/queue.o
                0x08001e7c                xQueueReceive
 .text.prvCopyDataFromQueue
                0x08002024       0x4c build/queue.o
 .text.prvUnlockQueue
                0x08002070       0xa4 build/queue.o
 .text.prvIsQueueEmpty
                0x08002114       0x2c build/queue.o
 .text.vQueueAddToRegistry
                0x08002140       0x9c build/queue.o
                0x08002140                vQueueAddToRegistry
 .text.vQueueWaitForMessageRestricted
                0x080021dc       0x68 build/queue.o
                0x080021dc                vQueueWaitForMessageRestricted
 .text.xTaskCreate
                0x08002244       0x8c build/tasks.o
                0x08002244                xTaskCreate
 .text.prvInitialiseNewTask
                0x080022d0      0x11c build/tasks.o
 .text.prvAddNewTaskToReadyList
                0x080023ec      0x110 build/tasks.o
 .text.vTaskDelay
                0x080024fc       0x68 build/tasks.o
                0x080024fc                vTaskDelay
 .text.vTaskStartScheduler
                0x08002564       0xa4 build/tasks.o
                0x08002564                vTaskStartScheduler
 .text.vTaskSuspendAll
                0x08002608       0x1c build/tasks.o
                0x08002608                vTaskSuspendAll
 .text.xTaskResumeAll
                0x08002624      0x1dc build/tasks.o
                0x08002624                xTaskResumeAll
 .text.xTaskGetTickCount
                0x08002800       0x20 build/tasks.o
                0x08002800                xTaskGetTickCount
 .text.xTaskIncrementTick
                0x08002820      0x1e8 build/tasks.o
                0x08002820                xTaskIncrementTick
 .text.vTaskSwitchContext
                0x08002a08       0xb8 build/tasks.o
                0x08002a08                vTaskSwitchContext
 .text.vTaskPlaceOnEventList
                0x08002ac0       0x48 build/tasks.o
                0x08002ac0                vTaskPlaceOnEventList
 .text.vTaskPlaceOnEventListRestricted
                0x08002b08       0x8c build/tasks.o
                0x08002b08                vTaskPlaceOnEventListRestricted
 .text.xTaskRemoveFromEventList
                0x08002b94      0x1ac build/tasks.o
                0x08002b94                xTaskRemoveFromEventList
 .text.vTaskInternalSetTimeOutState
                0x08002d40       0x2c build/tasks.o
                0x08002d40                vTaskInternalSetTimeOutState
 .text.xTaskCheckForTimeOut
                0x08002d6c       0xcc build/tasks.o
                0x08002d6c                xTaskCheckForTimeOut
 .text.vTaskMissedYield
                0x08002e38       0x18 build/tasks.o
                0x08002e38                vTaskMissedYield
 .text.prvIdleTask
                0x08002e50       0x24 build/tasks.o
 .text.prvInitialiseTaskLists
                0x08002e74       0x80 build/tasks.o
 .text.prvCheckTasksWaitingTermination
                0x08002ef4       0x5c build/tasks.o
 .text.prvDeleteTCB
                0x08002f50       0x20 build/tasks.o
 .text.prvResetNextTaskUnblockTime
                0x08002f70       0x38 build/tasks.o
 .text.xTaskGetSchedulerState
                0x08002fa8       0x3c build/tasks.o
                0x08002fa8                xTaskGetSchedulerState
 .text.prvAddCurrentTaskToDelayedList
                0x08002fe4      0x100 build/tasks.o
 .text.xTimerCreateTimerTask
                0x080030e4       0x64 build/timers.o
                0x080030e4                xTimerCreateTimerTask
 .text.prvReloadTimer
                0x08003148       0x42 build/timers.o
 *fill*         0x0800318a        0x2 
 .text.prvProcessExpiredTimer
                0x0800318c       0x60 build/timers.o
 .text.prvTimerTask
                0x080031ec       0x24 build/timers.o
 .text.prvProcessTimerOrBlockTask
                0x08003210       0x9c build/timers.o
 .text.prvGetNextExpireTime
                0x080032ac       0x48 build/timers.o
 .text.prvSampleTimeNow
                0x080032f4       0x40 build/timers.o
 .text.prvInsertTimerInActiveList
                0x08003334       0x84 build/timers.o
 .text.prvProcessReceivedCommands
                0x080033b8      0x17c build/timers.o
 .text.prvSwitchTimerLists
                0x08003534       0x4c build/timers.o
 .text.prvCheckForValidListAndQueue
                0x08003580       0x6c build/timers.o
 .text.pxPortInitialiseStack
                0x080035ec       0x68 build/port.o
                0x080035ec                pxPortInitialiseStack
 .text.prvTaskExitError
                0x08003654       0x58 build/port.o
 *fill*         0x080036ac        0x4 
 .text.SVC_Handler
                0x080036b0       0x28 build/port.o
                0x080036b0                SVC_Handler
 .text.prvPortStartFirstTask
                0x080036d8       0x2c build/port.o
 .text.xPortStartScheduler
                0x08003704      0x144 build/port.o
                0x08003704                xPortStartScheduler
 .text.vPortEnterCritical
                0x08003848       0x60 build/port.o
                0x08003848                vPortEnterCritical
 .text.vPortExitCritical
                0x080038a8       0x54 build/port.o
                0x080038a8                vPortExitCritical
 *fill*         0x080038fc        0x4 
 .text.PendSV_Handler
                0x08003900       0x68 build/port.o
                0x08003900                PendSV_Handler
 .text.SysTick_Handler
                0x08003968       0x44 build/port.o
                0x08003968                SysTick_Handler
 .text.vPortSetupTimerInterrupt
                0x080039ac       0x48 build/port.o
                0x080039ac                vPortSetupTimerInterrupt
 .text.vPortEnableVFP
                0x080039f4       0x18 build/port.o
 .text.pvPortMalloc
                0x08003a0c      0x174 build/heap_4.o
                0x08003a0c                pvPortMalloc
 .text.vPortFree
                0x08003b80       0xb8 build/heap_4.o
                0x08003b80                vPortFree
 .text.prvHeapInit
                0x08003c38       0xb8 build/heap_4.o
 .text.prvInsertBlockIntoFreeList
                0x08003cf0       0xb4 build/heap_4.o
 .text.BL_init  0x08003da4       0xf0 build/Blu.o
                0x08003da4                BL_init
 .text.BL_Send  0x08003e94       0x58 build/Blu.o
                0x08003e94                BL_Send
 .text.BL_Recive
                0x08003eec       0x88 build/Blu.o
                0x08003eec                BL_Recive
 .text.hexStringToBytes
                0x08003f74       0x58 build/hexString.o
                0x08003f74                hexStringToBytes
 .text.bytesToHexString
                0x08003fcc       0x72 build/hexString.o
                0x08003fcc                bytesToHexString
 *fill*         0x0800403e        0x2 
 .text.can_send
                0x08004040       0xb8 build/OBDII.o
                0x08004040                can_send
 .text.can_rcv  0x080040f8       0x84 build/OBDII.o
                0x080040f8                can_rcv
 .text.K_line_RCV
                0x0800417c      0x184 build/OBDII.o
                0x0800417c                K_line_RCV
 .text.K_line_send
                0x08004300      0x14c build/OBDII.o
                0x08004300                K_line_send
 .text.K_line_slow_init
                0x0800444c      0x25c build/OBDII.o
                0x0800444c                K_line_slow_init
 .text.K_line_fast_init
                0x080046a8      0x160 build/OBDII.o
                0x080046a8                K_line_fast_init
 .text.OBD_ecu_Init
                0x08004808      0x174 build/OBDII.o
                0x08004808                OBD_ecu_Init
 .text.OBD_Send_Recive_ecu
                0x0800497c       0xa4 build/OBDII.o
                0x0800497c                OBD_Send_Recive_ecu
 .text.OBD_Send_Recive
                0x08004a20      0x164 build/OBDII.o
                0x08004a20                OBD_Send_Recive
 .text.OBD_Serial_Init
                0x08004b84      0x118 build/OBDII.o
                0x08004b84                OBD_Serial_Init
 .text.bus_off  0x08004c9c       0x58 build/OBDII.o
                0x08004c9c                bus_off
 .text.Reset_Handler
                0x08004cf4       0x50 build/startup_stm32f407xx.o
                0x08004cf4                Reset_Handler
 .text.Default_Handler
                0x08004d44        0x2 build/startup_stm32f407xx.o
                0x08004d44                RTC_Alarm_IRQHandler
                0x08004d44                HASH_RNG_IRQHandler
                0x08004d44                EXTI2_IRQHandler
                0x08004d44                TIM8_CC_IRQHandler
                0x08004d44                TIM1_CC_IRQHandler
                0x08004d44                DMA2_Stream5_IRQHandler
                0x08004d44                DMA1_Stream5_IRQHandler
                0x08004d44                PVD_IRQHandler
                0x08004d44                SDIO_IRQHandler
                0x08004d44                TAMP_STAMP_IRQHandler
                0x08004d44                CAN2_RX1_IRQHandler
                0x08004d44                EXTI3_IRQHandler
                0x08004d44                TIM8_TRG_COM_TIM14_IRQHandler
                0x08004d44                TIM1_UP_TIM10_IRQHandler
                0x08004d44                TIM8_UP_TIM13_IRQHandler
                0x08004d44                I2C3_ER_IRQHandler
                0x08004d44                EXTI0_IRQHandler
                0x08004d44                I2C2_EV_IRQHandler
                0x08004d44                DMA1_Stream2_IRQHandler
                0x08004d44                FPU_IRQHandler
                0x08004d44                OTG_HS_WKUP_IRQHandler
                0x08004d44                CAN2_SCE_IRQHandler
                0x08004d44                DMA2_Stream2_IRQHandler
                0x08004d44                SPI1_IRQHandler
                0x08004d44                TIM6_DAC_IRQHandler
                0x08004d44                TIM1_BRK_TIM9_IRQHandler
                0x08004d44                DCMI_IRQHandler
                0x08004d44                CAN2_RX0_IRQHandler
                0x08004d44                DMA2_Stream3_IRQHandler
                0x08004d44                USART6_IRQHandler
                0x08004d44                USART3_IRQHandler
                0x08004d44                CAN1_RX1_IRQHandler
                0x08004d44                UART5_IRQHandler
                0x08004d44                DMA2_Stream0_IRQHandler
                0x08004d44                TIM4_IRQHandler
                0x08004d44                I2C1_EV_IRQHandler
                0x08004d44                DMA1_Stream6_IRQHandler
                0x08004d44                DMA1_Stream1_IRQHandler
                0x08004d44                UART4_IRQHandler
                0x08004d44                TIM3_IRQHandler
                0x08004d44                RCC_IRQHandler
                0x08004d44                TIM8_BRK_TIM12_IRQHandler
                0x08004d44                Default_Handler
                0x08004d44                EXTI15_10_IRQHandler
                0x08004d44                ADC_IRQHandler
                0x08004d44                DMA1_Stream7_IRQHandler
                0x08004d44                TIM7_IRQHandler
                0x08004d44                CAN2_TX_IRQHandler
                0x08004d44                TIM5_IRQHandler
                0x08004d44                DMA2_Stream7_IRQHandler
                0x08004d44                I2C3_EV_IRQHandler
                0x08004d44                EXTI9_5_IRQHandler
                0x08004d44                RTC_WKUP_IRQHandler
                0x08004d44                ETH_WKUP_IRQHandler
                0x08004d44                SPI2_IRQHandler
                0x08004d44                OTG_HS_EP1_IN_IRQHandler
                0x08004d44                DMA1_Stream0_IRQHandler
                0x08004d44                CAN1_TX_IRQHandler
                0x08004d44                EXTI4_IRQHandler
                0x08004d44                FSMC_IRQHandler
                0x08004d44                ETH_IRQHandler
                0x08004d44                OTG_HS_EP1_OUT_IRQHandler
                0x08004d44                WWDG_IRQHandler
                0x08004d44                OTG_FS_WKUP_IRQHandler
                0x08004d44                TIM1_TRG_COM_TIM11_IRQHandler
                0x08004d44                OTG_HS_IRQHandler
                0x08004d44                EXTI1_IRQHandler
                0x08004d44                I2C2_ER_IRQHandler
                0x08004d44                DMA2_Stream1_IRQHandler
                0x08004d44                CAN1_SCE_IRQHandler
                0x08004d44                FLASH_IRQHandler
                0x08004d44                DMA2_Stream4_IRQHandler
                0x08004d44                OTG_FS_IRQHandler
                0x08004d44                SPI3_IRQHandler
                0x08004d44                DMA1_Stream4_IRQHandler
                0x08004d44                I2C1_ER_IRQHandler
                0x08004d44                DMA2_Stream6_IRQHandler
                0x08004d44                DMA1_Stream3_IRQHandler
 *fill*         0x08004d46        0x2 
 .text.__libc_init_array
                0x08004d48       0x48 c:/program files (x86)/gnu arm embedded toolchain/10 2021.10/bin/../lib/gcc/arm-none-eabi/10.3.1/../../../../arm-none-eabi/lib/thumb/v7e-m+fp/hard\libc_nano.a(lib_a-init.o)
                0x08004d48                __libc_init_array
 .text.memcpy   0x08004d90       0x1c c:/program files (x86)/gnu arm embedded toolchain/10 2021.10/bin/../lib/gcc/arm-none-eabi/10.3.1/../../../../arm-none-eabi/lib/thumb/v7e-m+fp/hard\libc_nano.a(lib_a-memcpy-stub.o)
                0x08004d90                memcpy
 .text.memset   0x08004dac       0x10 c:/program files (x86)/gnu arm embedded toolchain/10 2021.10/bin/../lib/gcc/arm-none-eabi/10.3.1/../../../../arm-none-eabi/lib/thumb/v7e-m+fp/hard\libc_nano.a(lib_a-memset.o)
                0x08004dac                memset
 *(.glue_7)
 .glue_7        0x08004dbc        0x0 linker stubs
 *(.glue_7t)
 .glue_7t       0x08004dbc        0x0 linker stubs
 *(.eh_frame)
 .eh_frame      0x08004dbc        0x0 c:/program files (x86)/gnu arm embedded toolchain/10 2021.10/bin/../lib/gcc/arm-none-eabi/10.3.1/thumb/v7e-m+fp/hard/crtbegin.o
 *(.init)
 .init          0x08004dbc        0x4 c:/program files (x86)/gnu arm embedded toolchain/10 2021.10/bin/../lib/gcc/arm-none-eabi/10.3.1/thumb/v7e-m+fp/hard/crti.o
                0x08004dbc                _init
 .init          0x08004dc0        0x8 c:/program files (x86)/gnu arm embedded toolchain/10 2021.10/bin/../lib/gcc/arm-none-eabi/10.3.1/thumb/v7e-m+fp/hard/crtn.o
 *(.fini)
 .fini          0x08004dc8        0x4 c:/program files (x86)/gnu arm embedded toolchain/10 2021.10/bin/../lib/gcc/arm-none-eabi/10.3.1/thumb/v7e-m+fp/hard/crti.o
                0x08004dc8                _fini
 .fini          0x08004dcc        0x8 c:/program files (x86)/gnu arm embedded toolchain/10 2021.10/bin/../lib/gcc/arm-none-eabi/10.3.1/thumb/v7e-m+fp/hard/crtn.o
                0x08004dd4                . = ALIGN (0x4)
                0x08004dd4                _etext = .

.vfp11_veneer   0x08004dd4        0x0
 .vfp11_veneer  0x08004dd4        0x0 linker stubs

.v4_bx          0x08004dd4        0x0
 .v4_bx         0x08004dd4        0x0 linker stubs

.iplt           0x08004dd4        0x0
 .iplt          0x08004dd4        0x0 c:/program files (x86)/gnu arm embedded toolchain/10 2021.10/bin/../lib/gcc/arm-none-eabi/10.3.1/thumb/v7e-m+fp/hard/crtbegin.o

.rodata         0x08004dd4       0x60
                0x08004dd4                . = ALIGN (0x4)
 *(.rodata)
 .rodata        0x08004dd4       0x2e build/main.o
 *fill*         0x08004e02        0x2 
 .rodata        0x08004e04        0x5 build/tasks.o
 *fill*         0x08004e09        0x3 
 .rodata        0x08004e0c        0xd build/timers.o
 *fill*         0x08004e19        0x3 
 .rodata        0x08004e1c       0x18 build/OBDII.o
 *(.rodata*)
                0x08004e34                . = ALIGN (0x4)

.rel.dyn        0x08004e34        0x0
 .rel.iplt      0x08004e34        0x0 c:/program files (x86)/gnu arm embedded toolchain/10 2021.10/bin/../lib/gcc/arm-none-eabi/10.3.1/thumb/v7e-m+fp/hard/crtbegin.o

.ARM.extab
 *(.ARM.extab* .gnu.linkonce.armextab.*)

.ARM            0x08004e34        0x0
                0x08004e34                __exidx_start = .
 *(.ARM.exidx*)
                0x08004e34                __exidx_end = .

.preinit_array  0x08004e34        0x0
                0x08004e34                PROVIDE (__preinit_array_start = .)
 *(.preinit_array*)
                0x08004e34                PROVIDE (__preinit_array_end = .)

.init_array     0x08004e34        0x4
                0x08004e34                PROVIDE (__init_array_start = .)
 *(SORT_BY_NAME(.init_array.*))
 *(.init_array*)
 .init_array    0x08004e34        0x4 c:/program files (x86)/gnu arm embedded toolchain/10 2021.10/bin/../lib/gcc/arm-none-eabi/10.3.1/thumb/v7e-m+fp/hard/crtbegin.o
                0x08004e38                PROVIDE (__init_array_end = .)

.fini_array     0x08004e38        0x4
                [!provide]                PROVIDE (__fini_array_start = .)
 *(SORT_BY_NAME(.fini_array.*))
 *(.fini_array*)
 .fini_array    0x08004e38        0x4 c:/program files (x86)/gnu arm embedded toolchain/10 2021.10/bin/../lib/gcc/arm-none-eabi/10.3.1/thumb/v7e-m+fp/hard/crtbegin.o
                [!provide]                PROVIDE (__fini_array_end = .)
                0x08004e3c                _sidata = LOADADDR (.data)

.data           0x20000000       0x20 load address 0x08004e3c
                0x20000000                . = ALIGN (0x4)
                0x20000000                _sdata = .
 *(.data)
 *(.data*)
 .data.SystemCoreClock
                0x20000000        0x4 build/system_stm32f4xx.o
                0x20000000                SystemCoreClock
 .data.APBAHBPrescTable
                0x20000004       0x10 build/stm32f4xx_rcc.o
 .data.uxTopUsedPriority
                0x20000014        0x4 build/tasks.o
                0x20000014                uxTopUsedPriority
 .data.uxCriticalNesting
                0x20000018        0x4 build/port.o
 .data.deviceId
                0x2000001c        0x1 build/Blu.o
                0x2000001c                deviceId
                0x20000020                . = ALIGN (0x4)
 *fill*         0x2000001d        0x3 
                0x20000020                _edata = .
                0x08004e5c                _siccmram = LOADADDR (.ccmram)

.igot.plt       0x20000020        0x0 load address 0x08004e5c
 .igot.plt      0x20000020        0x0 c:/program files (x86)/gnu arm embedded toolchain/10 2021.10/bin/../lib/gcc/arm-none-eabi/10.3.1/thumb/v7e-m+fp/hard/crtbegin.o

.ccmram         0x10000000        0x0 load address 0x08004e5c
                0x10000000                . = ALIGN (0x4)
                0x10000000                _sccmram = .
 *(.ccmram)
 *(.ccmram*)
                0x10000000                . = ALIGN (0x4)
                0x10000000                _eccmram = .
                0x10000000                . = ALIGN (0x4)

.bss            0x20000020    0x131e8
                0x20000020                _sbss = .
                0x20000020                __bss_start__ = _sbss
 *(.bss)
 .bss           0x20000020       0x1c c:/program files (x86)/gnu arm embedded toolchain/10 2021.10/bin/../lib/gcc/arm-none-eabi/10.3.1/thumb/v7e-m+fp/hard/crtbegin.o
 *(.bss*)
 .bss.send_cmd_obd
                0x2000003c        0x1 build/main.o
                0x2000003c                send_cmd_obd
 .bss.init_obd_port
                0x2000003d        0x1 build/main.o
                0x2000003d                init_obd_port
 *fill*         0x2000003e        0x2 
 .bss.k_cmd4    0x20000040       0x1e build/main.o
                0x20000040                k_cmd4
 *fill*         0x2000005e        0x2 
 .bss.msg_log   0x20000060      0x1f4 build/main.o
                0x20000060                msg_log
 .bss.msg_size  0x20000254        0x4 build/main.o
                0x20000254                msg_size
 .bss.size_obd  0x20000258        0x1 build/main.o
                0x20000258                size_obd
 .bss.obd_send_flag
                0x20000259        0x1 build/main.o
                0x20000259                obd_send_flag
 *fill*         0x2000025a        0x6 
 .bss.count     0x20000260        0x8 build/stm32f4xx_it.o
                0x20000260                count
 .bss.difs_count
                0x20000268        0x8 build/stm32f4xx_it.o
                0x20000268                difs_count
 .bss.difs_count_obd
                0x20000270        0x8 build/stm32f4xx_it.o
                0x20000270                difs_count_obd
 .bss.difs_count_obd2
                0x20000278        0x8 build/stm32f4xx_it.o
                0x20000278                difs_count_obd2
 .bss.difs_count_HTGP
                0x20000280        0x8 build/stm32f4xx_it.o
                0x20000280                difs_count_HTGP
 .bss.xQueueRegistry
                0x20000288       0x40 build/queue.o
                0x20000288                xQueueRegistry
 .bss.pxCurrentTCB
                0x200002c8        0x4 build/tasks.o
                0x200002c8                pxCurrentTCB
 .bss.pxReadyTasksLists
                0x200002cc       0x64 build/tasks.o
 .bss.xDelayedTaskList1
                0x20000330       0x14 build/tasks.o
 .bss.xDelayedTaskList2
                0x20000344       0x14 build/tasks.o
 .bss.pxDelayedTaskList
                0x20000358        0x4 build/tasks.o
 .bss.pxOverflowDelayedTaskList
                0x2000035c        0x4 build/tasks.o
 .bss.xPendingReadyList
                0x20000360       0x14 build/tasks.o
 .bss.xTasksWaitingTermination
                0x20000374       0x14 build/tasks.o
 .bss.uxDeletedTasksWaitingCleanUp
                0x20000388        0x4 build/tasks.o
 .bss.xSuspendedTaskList
                0x2000038c       0x14 build/tasks.o
 .bss.uxCurrentNumberOfTasks
                0x200003a0        0x4 build/tasks.o
 .bss.xTickCount
                0x200003a4        0x4 build/tasks.o
 .bss.uxTopReadyPriority
                0x200003a8        0x4 build/tasks.o
 .bss.xSchedulerRunning
                0x200003ac        0x4 build/tasks.o
 .bss.xPendedTicks
                0x200003b0        0x4 build/tasks.o
 .bss.xYieldPending
                0x200003b4        0x4 build/tasks.o
 .bss.xNumOfOverflows
                0x200003b8        0x4 build/tasks.o
 .bss.uxTaskNumber
                0x200003bc        0x4 build/tasks.o
 .bss.xNextTaskUnblockTime
                0x200003c0        0x4 build/tasks.o
 .bss.xIdleTaskHandle
                0x200003c4        0x4 build/tasks.o
 .bss.uxSchedulerSuspended
                0x200003c8        0x4 build/tasks.o
 .bss.xActiveTimerList1
                0x200003cc       0x14 build/timers.o
 .bss.xActiveTimerList2
                0x200003e0       0x14 build/timers.o
 .bss.pxCurrentTimerList
                0x200003f4        0x4 build/timers.o
 .bss.pxOverflowTimerList
                0x200003f8        0x4 build/timers.o
 .bss.xTimerQueue
                0x200003fc        0x4 build/timers.o
 .bss.xTimerTaskHandle
                0x20000400        0x4 build/timers.o
 .bss.xLastTime.0
                0x20000404        0x4 build/timers.o
 .bss.ucMaxSysCallPriority
                0x20000408        0x1 build/port.o
 *fill*         0x20000409        0x3 
 .bss.ulMaxPRIGROUPValue
                0x2000040c        0x4 build/port.o
 .bss.ucHeap    0x20000410    0x12c00 build/heap_4.o
 .bss.xStart    0x20013010        0x8 build/heap_4.o
 .bss.pxEnd     0x20013018        0x4 build/heap_4.o
 .bss.xFreeBytesRemaining
                0x2001301c        0x4 build/heap_4.o
 .bss.xMinimumEverFreeBytesRemaining
                0x20013020        0x4 build/heap_4.o
 .bss.xNumberOfSuccessfulAllocations
                0x20013024        0x4 build/heap_4.o
 .bss.xNumberOfSuccessfulFrees
                0x20013028        0x4 build/heap_4.o
 .bss.AT_count  0x2001302c        0x2 build/Blu.o
                0x2001302c                AT_count
 *fill*         0x2001302e        0x2 
 .bss.AT_buf    0x20013030       0xc8 build/Blu.o
                0x20013030                AT_buf
 .bss.c_dt      0x200130f8        0x8 build/OBDII.o
                0x200130f8                c_dt
 .bss.c_rcv_flag
                0x20013100        0x1 build/OBDII.o
                0x20013100                c_rcv_flag
 .bss.flasg_t   0x20013101        0x1 build/OBDII.o
                0x20013101                flasg_t
 .bss.init_obd  0x20013102        0x2 build/OBDII.o
                0x20013102                init_obd
 .bss.obd_turn_on
                0x20013104        0x1 build/OBDII.o
                0x20013104                obd_turn_on
 *fill*         0x20013105        0x3 
 .bss.obd_data  0x20013108       0xfa build/OBDII.o
                0x20013108                obd_data
 .bss.obd_count
                0x20013202        0x1 build/OBDII.o
                0x20013202                obd_count
 .bss.OBD_RCV_T
                0x20013203        0x1 build/OBDII.o
                0x20013203                OBD_RCV_T
 .bss.ecu_fail.1
                0x20013204        0x1 build/OBDII.o
 .bss.ecu_fail.0
                0x20013205        0x1 build/OBDII.o
 *(COMMON)
                0x20013208                . = ALIGN (0x4)
 *fill*         0x20013206        0x2 
                0x20013208                _ebss = .
                0x20013208                __bss_end__ = _ebss

._user_heap_stack
                0x20013208      0x600
                0x20013208                . = ALIGN (0x8)
                [!provide]                PROVIDE (end = .)
                [!provide]                PROVIDE (_end = .)
                0x20013408                . = (. + _Min_Heap_Size)
 *fill*         0x20013208      0x200 
                0x20013808                . = (. + _Min_Stack_Size)
 *fill*         0x20013408      0x400 
                0x20013808                . = ALIGN (0x8)

/DISCARD/
 libc.a(*)
 libm.a(*)
 libgcc.a(*)

.ARM.attributes
                0x00000000       0x30
 *(.ARM.attributes)
 .ARM.attributes
                0x00000000       0x1e c:/program files (x86)/gnu arm embedded toolchain/10 2021.10/bin/../lib/gcc/arm-none-eabi/10.3.1/thumb/v7e-m+fp/hard/crti.o
 .ARM.attributes
                0x0000001e       0x34 c:/program files (x86)/gnu arm embedded toolchain/10 2021.10/bin/../lib/gcc/arm-none-eabi/10.3.1/thumb/v7e-m+fp/hard/crtbegin.o
 .ARM.attributes
                0x00000052       0x34 build/main.o
 .ARM.attributes
                0x00000086       0x34 build/stm32f4xx_it.o
 .ARM.attributes
                0x000000ba       0x34 build/system_stm32f4xx.o
 .ARM.attributes
                0x000000ee       0x34 build/misc.o
 .ARM.attributes
                0x00000122       0x34 build/stm32f4xx_can.o
 .ARM.attributes
                0x00000156       0x34 build/stm32f4xx_gpio.o
 .ARM.attributes
                0x0000018a       0x34 build/stm32f4xx_iwdg.o
 .ARM.attributes
                0x000001be       0x34 build/stm32f4xx_rcc.o
 .ARM.attributes
                0x000001f2       0x34 build/stm32f4xx_tim.o
 .ARM.attributes
                0x00000226       0x34 build/stm32f4xx_usart.o
 .ARM.attributes
                0x0000025a       0x34 build/list.o
 .ARM.attributes
                0x0000028e       0x34 build/queue.o
 .ARM.attributes
                0x000002c2       0x34 build/tasks.o
 .ARM.attributes
                0x000002f6       0x34 build/timers.o
 .ARM.attributes
                0x0000032a       0x34 build/port.o
 .ARM.attributes
                0x0000035e       0x34 build/heap_4.o
 .ARM.attributes
                0x00000392       0x34 build/Blu.o
 .ARM.attributes
                0x000003c6       0x34 build/hexString.o
 .ARM.attributes
                0x000003fa       0x34 build/OBDII.o
 .ARM.attributes
                0x0000042e       0x21 build/startup_stm32f407xx.o
 .ARM.attributes
                0x0000044f       0x34 c:/program files (x86)/gnu arm embedded toolchain/10 2021.10/bin/../lib/gcc/arm-none-eabi/10.3.1/../../../../arm-none-eabi/lib/thumb/v7e-m+fp/hard\libc_nano.a(lib_a-init.o)
 .ARM.attributes
                0x00000483       0x34 c:/program files (x86)/gnu arm embedded toolchain/10 2021.10/bin/../lib/gcc/arm-none-eabi/10.3.1/../../../../arm-none-eabi/lib/thumb/v7e-m+fp/hard\libc_nano.a(lib_a-memcpy-stub.o)
 .ARM.attributes
                0x000004b7       0x34 c:/program files (x86)/gnu arm embedded toolchain/10 2021.10/bin/../lib/gcc/arm-none-eabi/10.3.1/../../../../arm-none-eabi/lib/thumb/v7e-m+fp/hard\libc_nano.a(lib_a-memset.o)
 .ARM.attributes
                0x000004eb       0x1e c:/program files (x86)/gnu arm embedded toolchain/10 2021.10/bin/../lib/gcc/arm-none-eabi/10.3.1/thumb/v7e-m+fp/hard/crtn.o
OUTPUT(build/template.elf elf32-littlearm)
LOAD linker stubs
LOAD c:/program files (x86)/gnu arm embedded toolchain/10 2021.10/bin/../lib/gcc/arm-none-eabi/10.3.1/../../../../arm-none-eabi/lib/thumb/v7e-m+fp/hard\libc.a
LOAD c:/program files (x86)/gnu arm embedded toolchain/10 2021.10/bin/../lib/gcc/arm-none-eabi/10.3.1/../../../../arm-none-eabi/lib/thumb/v7e-m+fp/hard\libm.a
LOAD c:/program files (x86)/gnu arm embedded toolchain/10 2021.10/bin/../lib/gcc/arm-none-eabi/10.3.1/thumb/v7e-m+fp/hard\libgcc.a

.debug_info     0x00000000     0xe3df
 .debug_info    0x00000000      0x304 build/main.o
 .debug_info    0x00000304      0xb6d build/stm32f4xx_it.o
 .debug_info    0x00000e71      0x6da build/system_stm32f4xx.o
 .debug_info    0x0000154b      0x5d0 build/misc.o
 .debug_info    0x00001b1b      0xd2c build/stm32f4xx_can.o
 .debug_info    0x00002847      0x6b1 build/stm32f4xx_gpio.o
 .debug_info    0x00002ef8      0x224 build/stm32f4xx_iwdg.o
 .debug_info    0x0000311c     0x1061 build/stm32f4xx_rcc.o
 .debug_info    0x0000417d     0x2036 build/stm32f4xx_tim.o
 .debug_info    0x000061b3      0xaff build/stm32f4xx_usart.o
 .debug_info    0x00006cb2      0x300 build/list.o
 .debug_info    0x00006fb2     0x1893 build/queue.o
 .debug_info    0x00008845     0x260f build/tasks.o
 .debug_info    0x0000ae54      0xd35 build/timers.o
 .debug_info    0x0000bb89      0x530 build/port.o
 .debug_info    0x0000c0b9      0x544 build/heap_4.o
 .debug_info    0x0000c5fd      0x878 build/Blu.o
 .debug_info    0x0000ce75      0x13d build/hexString.o
 .debug_info    0x0000cfb2     0x140b build/OBDII.o
 .debug_info    0x0000e3bd       0x22 build/startup_stm32f407xx.o

.debug_abbrev   0x00000000     0x20cf
 .debug_abbrev  0x00000000      0x106 build/main.o
 .debug_abbrev  0x00000106      0x1cd build/stm32f4xx_it.o
 .debug_abbrev  0x000002d3      0x167 build/system_stm32f4xx.o
 .debug_abbrev  0x0000043a      0x150 build/misc.o
 .debug_abbrev  0x0000058a      0x1f2 build/stm32f4xx_can.o
 .debug_abbrev  0x0000077c      0x1c2 build/stm32f4xx_gpio.o
 .debug_abbrev  0x0000093e      0x126 build/stm32f4xx_iwdg.o
 .debug_abbrev  0x00000a64      0x1d5 build/stm32f4xx_rcc.o
 .debug_abbrev  0x00000c39      0x19e build/stm32f4xx_tim.o
 .debug_abbrev  0x00000dd7      0x184 build/stm32f4xx_usart.o
 .debug_abbrev  0x00000f5b       0xf1 build/list.o
 .debug_abbrev  0x0000104c      0x277 build/queue.o
 .debug_abbrev  0x000012c3      0x2d6 build/tasks.o
 .debug_abbrev  0x00001599      0x22c build/timers.o
 .debug_abbrev  0x000017c5      0x24a build/port.o
 .debug_abbrev  0x00001a0f      0x1f4 build/heap_4.o
 .debug_abbrev  0x00001c03      0x19c build/Blu.o
 .debug_abbrev  0x00001d9f       0xaf build/hexString.o
 .debug_abbrev  0x00001e4e      0x26f build/OBDII.o
 .debug_abbrev  0x000020bd       0x12 build/startup_stm32f407xx.o

.debug_loc      0x00000000     0x8b24
 .debug_loc     0x00000000      0x108 build/main.o
 .debug_loc     0x00000108      0x610 build/stm32f4xx_it.o
 .debug_loc     0x00000718       0xe4 build/system_stm32f4xx.o
 .debug_loc     0x000007fc      0x1cc build/misc.o
 .debug_loc     0x000009c8      0x8e4 build/stm32f4xx_can.o
 .debug_loc     0x000012ac      0x4fc build/stm32f4xx_gpio.o
 .debug_loc     0x000017a8      0x1f8 build/stm32f4xx_iwdg.o
 .debug_loc     0x000019a0     0x12b8 build/stm32f4xx_rcc.o
 .debug_loc     0x00002c58     0x20bc build/stm32f4xx_tim.o
 .debug_loc     0x00004d14      0xa54 build/stm32f4xx_usart.o
 .debug_loc     0x00005768      0x1cc build/list.o
 .debug_loc     0x00005934      0xb72 build/queue.o
 .debug_loc     0x000064a6     0x130e build/tasks.o
 .debug_loc     0x000077b4      0x838 build/timers.o
 .debug_loc     0x00007fec      0x30c build/port.o
 .debug_loc     0x000082f8      0x2c4 build/heap_4.o
 .debug_loc     0x000085bc       0xf0 build/Blu.o
 .debug_loc     0x000086ac       0xb8 build/hexString.o
 .debug_loc     0x00008764      0x3c0 build/OBDII.o

.debug_aranges  0x00000000      0xf08
 .debug_aranges
                0x00000000       0x38 build/main.o
 .debug_aranges
                0x00000038       0xd0 build/stm32f4xx_it.o
 .debug_aranges
                0x00000108       0x30 build/system_stm32f4xx.o
 .debug_aranges
                0x00000138       0x40 build/misc.o
 .debug_aranges
                0x00000178       0xe0 build/stm32f4xx_can.o
 .debug_aranges
                0x00000258       0x88 build/stm32f4xx_gpio.o
 .debug_aranges
                0x000002e0       0x48 build/stm32f4xx_iwdg.o
 .debug_aranges
                0x00000328      0x1c0 build/stm32f4xx_rcc.o
 .debug_aranges
                0x000004e8      0x2f8 build/stm32f4xx_tim.o
 .debug_aranges
                0x000007e0      0x100 build/stm32f4xx_usart.o
 .debug_aranges
                0x000008e0       0x40 build/list.o
 .debug_aranges
                0x00000920      0x130 build/queue.o
 .debug_aranges
                0x00000a50      0x1f8 build/tasks.o
 .debug_aranges
                0x00000c48       0xe8 build/timers.o
 .debug_aranges
                0x00000d30       0x80 build/port.o
 .debug_aranges
                0x00000db0       0x60 build/heap_4.o
 .debug_aranges
                0x00000e10       0x30 build/Blu.o
 .debug_aranges
                0x00000e40       0x28 build/hexString.o
 .debug_aranges
                0x00000e68       0x78 build/OBDII.o
 .debug_aranges
                0x00000ee0       0x28 build/startup_stm32f407xx.o

.debug_ranges   0x00000000      0xdd0
 .debug_ranges  0x00000000       0x28 build/main.o
 .debug_ranges  0x00000028       0xc0 build/stm32f4xx_it.o
 .debug_ranges  0x000000e8       0x20 build/system_stm32f4xx.o
 .debug_ranges  0x00000108       0x30 build/misc.o
 .debug_ranges  0x00000138       0xd0 build/stm32f4xx_can.o
 .debug_ranges  0x00000208       0x78 build/stm32f4xx_gpio.o
 .debug_ranges  0x00000280       0x38 build/stm32f4xx_iwdg.o
 .debug_ranges  0x000002b8      0x1b0 build/stm32f4xx_rcc.o
 .debug_ranges  0x00000468      0x2e8 build/stm32f4xx_tim.o
 .debug_ranges  0x00000750       0xf0 build/stm32f4xx_usart.o
 .debug_ranges  0x00000840       0x30 build/list.o
 .debug_ranges  0x00000870      0x120 build/queue.o
 .debug_ranges  0x00000990      0x1e8 build/tasks.o
 .debug_ranges  0x00000b78       0xd8 build/timers.o
 .debug_ranges  0x00000c50       0x70 build/port.o
 .debug_ranges  0x00000cc0       0x50 build/heap_4.o
 .debug_ranges  0x00000d10       0x20 build/Blu.o
 .debug_ranges  0x00000d30       0x18 build/hexString.o
 .debug_ranges  0x00000d48       0x68 build/OBDII.o
 .debug_ranges  0x00000db0       0x20 build/startup_stm32f407xx.o

.debug_line     0x00000000     0x8df3
 .debug_line    0x00000000      0x37e build/main.o
 .debug_line    0x0000037e      0x45e build/stm32f4xx_it.o
 .debug_line    0x000007dc      0x307 build/system_stm32f4xx.o
 .debug_line    0x00000ae3      0x2bd build/misc.o
 .debug_line    0x00000da0      0xa0c build/stm32f4xx_can.o
 .debug_line    0x000017ac      0x4ba build/stm32f4xx_gpio.o
 .debug_line    0x00001c66      0x213 build/stm32f4xx_iwdg.o
 .debug_line    0x00001e79      0xa6c build/stm32f4xx_rcc.o
 .debug_line    0x000028e5     0x10c7 build/stm32f4xx_tim.o
 .debug_line    0x000039ac      0x6fa build/stm32f4xx_usart.o
 .debug_line    0x000040a6      0x28a build/list.o
 .debug_line    0x00004330     0x11ae build/queue.o
 .debug_line    0x000054de     0x189e build/tasks.o
 .debug_line    0x00006d7c      0x7ac build/timers.o
 .debug_line    0x00007528      0x4b5 build/port.o
 .debug_line    0x000079dd      0x544 build/heap_4.o
 .debug_line    0x00007f21      0x2cd build/Blu.o
 .debug_line    0x000081ee      0x18e build/hexString.o
 .debug_line    0x0000837c      0xa04 build/OBDII.o
 .debug_line    0x00008d80       0x73 build/startup_stm32f407xx.o

.debug_str      0x00000000     0x4ddb
 .debug_str     0x00000000      0x226 build/main.o
                                0x279 (size before relaxing)
 .debug_str     0x00000226      0x3e6 build/stm32f4xx_it.o
                                0x5ab (size before relaxing)
 .debug_str     0x0000060c      0x1e1 build/system_stm32f4xx.o
                                0x3d6 (size before relaxing)
 .debug_str     0x000007ed      0x1e8 build/misc.o
                                0x3eb (size before relaxing)
 .debug_str     0x000009d5      0x444 build/stm32f4xx_can.o
                                0x75b (size before relaxing)
 .debug_str     0x00000e19      0x313 build/stm32f4xx_gpio.o
                                0x4bd (size before relaxing)
 .debug_str     0x0000112c       0xd6 build/stm32f4xx_iwdg.o
                                0x289 (size before relaxing)
 .debug_str     0x00001202      0x6ab build/stm32f4xx_rcc.o
                                0x9df (size before relaxing)
 .debug_str     0x000018ad      0xadd build/stm32f4xx_tim.o
                                0xded (size before relaxing)
 .debug_str     0x0000238a      0x412 build/stm32f4xx_usart.o
                                0x6ac (size before relaxing)
 .debug_str     0x0000279c      0x14f build/list.o
                                0x2d6 (size before relaxing)
 .debug_str     0x000028eb      0x710 build/queue.o
                                0x9a6 (size before relaxing)
 .debug_str     0x00002ffb      0xd13 build/tasks.o
                               0x10db (size before relaxing)
 .debug_str     0x00003d0e      0x47a build/timers.o
                                0x7a9 (size before relaxing)
 .debug_str     0x00004188      0x1f9 build/port.o
                                0x42c (size before relaxing)
 .debug_str     0x00004381      0x2d9 build/heap_4.o
                                0x4bd (size before relaxing)
 .debug_str     0x0000465a      0x588 build/Blu.o
                                0xa3b (size before relaxing)
 .debug_str     0x00004be2       0x53 build/hexString.o
                                0x1cd (size before relaxing)
 .debug_str     0x00004c35      0x182 build/OBDII.o
                                0xeaa (size before relaxing)
 .debug_str     0x00004db7       0x24 build/startup_stm32f407xx.o
                                 0x52 (size before relaxing)

.comment        0x00000000       0x49
 .comment       0x00000000       0x49 build/main.o
                                 0x4a (size before relaxing)
 .comment       0x00000049       0x4a build/stm32f4xx_it.o
 .comment       0x00000049       0x4a build/system_stm32f4xx.o
 .comment       0x00000049       0x4a build/misc.o
 .comment       0x00000049       0x4a build/stm32f4xx_can.o
 .comment       0x00000049       0x4a build/stm32f4xx_gpio.o
 .comment       0x00000049       0x4a build/stm32f4xx_iwdg.o
 .comment       0x00000049       0x4a build/stm32f4xx_rcc.o
 .comment       0x00000049       0x4a build/stm32f4xx_tim.o
 .comment       0x00000049       0x4a build/stm32f4xx_usart.o
 .comment       0x00000049       0x4a build/list.o
 .comment       0x00000049       0x4a build/queue.o
 .comment       0x00000049       0x4a build/tasks.o
 .comment       0x00000049       0x4a build/timers.o
 .comment       0x00000049       0x4a build/port.o
 .comment       0x00000049       0x4a build/heap_4.o
 .comment       0x00000049       0x4a build/Blu.o
 .comment       0x00000049       0x4a build/hexString.o
 .comment       0x00000049       0x4a build/OBDII.o

.debug_frame    0x00000000     0x4004
 .debug_frame   0x00000000       0x98 build/main.o
 .debug_frame   0x00000098      0x348 build/stm32f4xx_it.o
 .debug_frame   0x000003e0       0x7c build/system_stm32f4xx.o
 .debug_frame   0x0000045c       0xd8 build/misc.o
 .debug_frame   0x00000534      0x3f8 build/stm32f4xx_can.o
 .debug_frame   0x0000092c      0x23c build/stm32f4xx_gpio.o
 .debug_frame   0x00000b68       0xf0 build/stm32f4xx_iwdg.o
 .debug_frame   0x00000c58      0x83c build/stm32f4xx_rcc.o
 .debug_frame   0x00001494      0xe54 build/stm32f4xx_tim.o
 .debug_frame   0x000022e8      0x490 build/stm32f4xx_usart.o
 .debug_frame   0x00002778       0xd8 build/list.o
 .debug_frame   0x00002850      0x530 build/queue.o
 .debug_frame   0x00002d80      0x8a8 build/tasks.o
 .debug_frame   0x00003628      0x3c8 build/timers.o
 .debug_frame   0x000039f0      0x1a8 build/port.o
 .debug_frame   0x00003b98      0x150 build/heap_4.o
 .debug_frame   0x00003ce8       0x7c build/Blu.o
 .debug_frame   0x00003d64       0x60 build/hexString.o
 .debug_frame   0x00003dc4      0x1cc build/OBDII.o
 .debug_frame   0x00003f90       0x2c c:/program files (x86)/gnu arm embedded toolchain/10 2021.10/bin/../lib/gcc/arm-none-eabi/10.3.1/../../../../arm-none-eabi/lib/thumb/v7e-m+fp/hard\libc_nano.a(lib_a-init.o)
 .debug_frame   0x00003fbc       0x28 c:/program files (x86)/gnu arm embedded toolchain/10 2021.10/bin/../lib/gcc/arm-none-eabi/10.3.1/../../../../arm-none-eabi/lib/thumb/v7e-m+fp/hard\libc_nano.a(lib_a-memcpy-stub.o)
 .debug_frame   0x00003fe4       0x20 c:/program files (x86)/gnu arm embedded toolchain/10 2021.10/bin/../lib/gcc/arm-none-eabi/10.3.1/../../../../arm-none-eabi/lib/thumb/v7e-m+fp/hard\libc_nano.a(lib_a-memset.o)

Cross Reference Table

Symbol                                            File
ADC_IRQHandler                                    build/startup_stm32f407xx.o
AHBPrescTable                                     build/system_stm32f4xx.o
AT_buf                                            build/Blu.o
                                                  build/stm32f4xx_it.o
AT_count                                          build/Blu.o
                                                  build/stm32f4xx_it.o
BL_Recive                                         build/Blu.o
                                                  build/main.o
BL_Send                                           build/Blu.o
                                                  build/main.o
BL_Task                                           build/main.o
BL_init                                           build/Blu.o
                                                  build/main.o
BusFault_Handler                                  build/stm32f4xx_it.o
CAN1_RX0_IRQHandler                               build/stm32f4xx_it.o
CAN1_RX1_IRQHandler                               build/startup_stm32f407xx.o
CAN1_SCE_IRQHandler                               build/startup_stm32f407xx.o
CAN1_TX_IRQHandler                                build/startup_stm32f407xx.o
CAN2_RX0_IRQHandler                               build/startup_stm32f407xx.o
CAN2_RX1_IRQHandler                               build/startup_stm32f407xx.o
CAN2_SCE_IRQHandler                               build/startup_stm32f407xx.o
CAN2_TX_IRQHandler                                build/startup_stm32f407xx.o
CAN_CancelTransmit                                build/stm32f4xx_can.o
                                                  build/OBDII.o
CAN_ClearFlag                                     build/stm32f4xx_can.o
                                                  build/stm32f4xx_it.o
CAN_ClearITPendingBit                             build/stm32f4xx_can.o
CAN_DBGFreeze                                     build/stm32f4xx_can.o
CAN_DeInit                                        build/stm32f4xx_can.o
                                                  build/OBDII.o
CAN_FIFORelease                                   build/stm32f4xx_can.o
CAN_FilterInit                                    build/stm32f4xx_can.o
                                                  build/OBDII.o
CAN_GetFlagStatus                                 build/stm32f4xx_can.o
CAN_GetITStatus                                   build/stm32f4xx_can.o
CAN_GetLSBTransmitErrorCounter                    build/stm32f4xx_can.o
CAN_GetLastErrorCode                              build/stm32f4xx_can.o
CAN_GetReceiveErrorCounter                        build/stm32f4xx_can.o
CAN_ITConfig                                      build/stm32f4xx_can.o
                                                  build/OBDII.o
CAN_Init                                          build/stm32f4xx_can.o
                                                  build/OBDII.o
CAN_MessagePending                                build/stm32f4xx_can.o
CAN_OperatingModeRequest                          build/stm32f4xx_can.o
CAN_Receive                                       build/stm32f4xx_can.o
                                                  build/stm32f4xx_it.o
CAN_SlaveStartBank                                build/stm32f4xx_can.o
CAN_Sleep                                         build/stm32f4xx_can.o
CAN_StructInit                                    build/stm32f4xx_can.o
                                                  build/OBDII.o
CAN_TTComModeCmd                                  build/stm32f4xx_can.o
CAN_Transmit                                      build/stm32f4xx_can.o
                                                  build/OBDII.o
CAN_TransmitStatus                                build/stm32f4xx_can.o
                                                  build/OBDII.o
CAN_WakeUp                                        build/stm32f4xx_can.o
DCMI_IRQHandler                                   build/startup_stm32f407xx.o
DMA1_Stream0_IRQHandler                           build/startup_stm32f407xx.o
DMA1_Stream1_IRQHandler                           build/startup_stm32f407xx.o
DMA1_Stream2_IRQHandler                           build/startup_stm32f407xx.o
DMA1_Stream3_IRQHandler                           build/startup_stm32f407xx.o
DMA1_Stream4_IRQHandler                           build/startup_stm32f407xx.o
DMA1_Stream5_IRQHandler                           build/startup_stm32f407xx.o
DMA1_Stream6_IRQHandler                           build/startup_stm32f407xx.o
DMA1_Stream7_IRQHandler                           build/startup_stm32f407xx.o
DMA2_Stream0_IRQHandler                           build/startup_stm32f407xx.o
DMA2_Stream1_IRQHandler                           build/startup_stm32f407xx.o
DMA2_Stream2_IRQHandler                           build/startup_stm32f407xx.o
DMA2_Stream3_IRQHandler                           build/startup_stm32f407xx.o
DMA2_Stream4_IRQHandler                           build/startup_stm32f407xx.o
DMA2_Stream5_IRQHandler                           build/startup_stm32f407xx.o
DMA2_Stream6_IRQHandler                           build/startup_stm32f407xx.o
DMA2_Stream7_IRQHandler                           build/startup_stm32f407xx.o
DebugMon_Handler                                  build/stm32f4xx_it.o
Default_Handler                                   build/startup_stm32f407xx.o
ETH_IRQHandler                                    build/startup_stm32f407xx.o
ETH_WKUP_IRQHandler                               build/startup_stm32f407xx.o
EXTI0_IRQHandler                                  build/startup_stm32f407xx.o
EXTI15_10_IRQHandler                              build/startup_stm32f407xx.o
EXTI1_IRQHandler                                  build/startup_stm32f407xx.o
EXTI2_IRQHandler                                  build/startup_stm32f407xx.o
EXTI3_IRQHandler                                  build/startup_stm32f407xx.o
EXTI4_IRQHandler                                  build/startup_stm32f407xx.o
EXTI9_5_IRQHandler                                build/startup_stm32f407xx.o
EXTI_ClearFlag                                    build/stm32f4xx_exti.o
EXTI_ClearITPendingBit                            build/stm32f4xx_exti.o
EXTI_DeInit                                       build/stm32f4xx_exti.o
EXTI_GenerateSWInterrupt                          build/stm32f4xx_exti.o
EXTI_GetFlagStatus                                build/stm32f4xx_exti.o
EXTI_GetITStatus                                  build/stm32f4xx_exti.o
EXTI_Init                                         build/stm32f4xx_exti.o
EXTI_StructInit                                   build/stm32f4xx_exti.o
FLASH_IRQHandler                                  build/startup_stm32f407xx.o
FPU_IRQHandler                                    build/startup_stm32f407xx.o
FSMC_IRQHandler                                   build/startup_stm32f407xx.o
GPIO_DeInit                                       build/stm32f4xx_gpio.o
GPIO_Init                                         build/stm32f4xx_gpio.o
                                                  build/OBDII.o
                                                  build/Blu.o
GPIO_PinAFConfig                                  build/stm32f4xx_gpio.o
                                                  build/OBDII.o
                                                  build/Blu.o
GPIO_PinLockConfig                                build/stm32f4xx_gpio.o
GPIO_ReadInputData                                build/stm32f4xx_gpio.o
GPIO_ReadInputDataBit                             build/stm32f4xx_gpio.o
GPIO_ReadOutputData                               build/stm32f4xx_gpio.o
GPIO_ReadOutputDataBit                            build/stm32f4xx_gpio.o
GPIO_ResetBits                                    build/stm32f4xx_gpio.o
                                                  build/OBDII.o
GPIO_SetBits                                      build/stm32f4xx_gpio.o
                                                  build/OBDII.o
GPIO_StructInit                                   build/stm32f4xx_gpio.o
GPIO_ToggleBits                                   build/stm32f4xx_gpio.o
GPIO_Write                                        build/stm32f4xx_gpio.o
GPIO_WriteBit                                     build/stm32f4xx_gpio.o
GeterSystick                                      build/stm32f4xx_it.o
Geterms                                           build/stm32f4xx_it.o
Geterus                                           build/stm32f4xx_it.o
HASH_RNG_IRQHandler                               build/startup_stm32f407xx.o
HardFault_Handler                                 build/stm32f4xx_it.o
I2C1_ER_IRQHandler                                build/startup_stm32f407xx.o
I2C1_EV_IRQHandler                                build/startup_stm32f407xx.o
I2C2_ER_IRQHandler                                build/startup_stm32f407xx.o
I2C2_EV_IRQHandler                                build/startup_stm32f407xx.o
I2C3_ER_IRQHandler                                build/startup_stm32f407xx.o
I2C3_EV_IRQHandler                                build/startup_stm32f407xx.o
I2S_Cmd                                           build/stm32f4xx_spi.o
I2S_FullDuplexConfig                              build/stm32f4xx_spi.o
I2S_Init                                          build/stm32f4xx_spi.o
I2S_StructInit                                    build/stm32f4xx_spi.o
IWDG_Enable                                       build/stm32f4xx_iwdg.o
                                                  build/main.o
IWDG_GetFlagStatus                                build/stm32f4xx_iwdg.o
IWDG_ReloadCounter                                build/stm32f4xx_iwdg.o
                                                  build/main.o
IWDG_SetPrescaler                                 build/stm32f4xx_iwdg.o
                                                  build/main.o
IWDG_SetReload                                    build/stm32f4xx_iwdg.o
                                                  build/main.o
IWDG_WriteAccessCmd                               build/stm32f4xx_iwdg.o
                                                  build/main.o
K_line_RCV                                        build/OBDII.o
K_line_fast_init                                  build/OBDII.o
K_line_send                                       build/OBDII.o
K_line_slow_init                                  build/OBDII.o
MemManage_Handler                                 build/stm32f4xx_it.o
NMI_Handler                                       build/stm32f4xx_it.o
NVIC_Init                                         build/misc.o
                                                  build/OBDII.o
                                                  build/Blu.o
NVIC_PriorityGroupConfig                          build/misc.o
                                                  build/OBDII.o
NVIC_SetVectorTable                               build/misc.o
NVIC_SystemLPConfig                               build/misc.o
OBD_RCV_T                                         build/OBDII.o
                                                  build/stm32f4xx_it.o
OBD_Send_Recive                                   build/OBDII.o
                                                  build/main.o
OBD_Send_Recive_ecu                               build/OBDII.o
OBD_Serial_Init                                   build/OBDII.o
                                                  build/main.o
OBD_Task                                          build/main.o
OBD_ecu_Init                                      build/OBDII.o
                                                  build/main.o
OTG_FS_IRQHandler                                 build/startup_stm32f407xx.o
OTG_FS_WKUP_IRQHandler                            build/startup_stm32f407xx.o
OTG_HS_EP1_IN_IRQHandler                          build/startup_stm32f407xx.o
OTG_HS_EP1_OUT_IRQHandler                         build/startup_stm32f407xx.o
OTG_HS_IRQHandler                                 build/startup_stm32f407xx.o
OTG_HS_WKUP_IRQHandler                            build/startup_stm32f407xx.o
PVD_IRQHandler                                    build/startup_stm32f407xx.o
PendSV_Handler                                    build/port.o
RCC_AHB1PeriphClockCmd                            build/stm32f4xx_rcc.o
RCC_AHB1PeriphClockLPModeCmd                      build/stm32f4xx_rcc.o
RCC_AHB1PeriphResetCmd                            build/stm32f4xx_rcc.o
                                                  build/stm32f4xx_gpio.o
RCC_AHB2PeriphClockCmd                            build/stm32f4xx_rcc.o
RCC_AHB2PeriphClockLPModeCmd                      build/stm32f4xx_rcc.o
RCC_AHB2PeriphResetCmd                            build/stm32f4xx_rcc.o
RCC_AHB3PeriphClockCmd                            build/stm32f4xx_rcc.o
RCC_AHB3PeriphClockLPModeCmd                      build/stm32f4xx_rcc.o
RCC_AHB3PeriphResetCmd                            build/stm32f4xx_rcc.o
RCC_APB1PeriphClockCmd                            build/stm32f4xx_rcc.o
                                                  build/OBDII.o
                                                  build/Blu.o
RCC_APB1PeriphClockLPModeCmd                      build/stm32f4xx_rcc.o
RCC_APB1PeriphResetCmd                            build/stm32f4xx_rcc.o
                                                  build/stm32f4xx_usart.o
                                                  build/stm32f4xx_tim.o
                                                  build/stm32f4xx_spi.o
                                                  build/stm32f4xx_can.o
RCC_APB2PeriphClockCmd                            build/stm32f4xx_rcc.o
                                                  build/OBDII.o
                                                  build/Blu.o
RCC_APB2PeriphClockLPModeCmd                      build/stm32f4xx_rcc.o
RCC_APB2PeriphResetCmd                            build/stm32f4xx_rcc.o
                                                  build/stm32f4xx_usart.o
                                                  build/stm32f4xx_tim.o
                                                  build/stm32f4xx_spi.o
RCC_AdjustHSICalibrationValue                     build/stm32f4xx_rcc.o
RCC_BackupResetCmd                                build/stm32f4xx_rcc.o
RCC_ClearFlag                                     build/stm32f4xx_rcc.o
RCC_ClearITPendingBit                             build/stm32f4xx_rcc.o
RCC_ClockSecuritySystemCmd                        build/stm32f4xx_rcc.o
RCC_DeInit                                        build/stm32f4xx_rcc.o
RCC_GetClocksFreq                                 build/stm32f4xx_rcc.o
                                                  build/stm32f4xx_usart.o
RCC_GetFlagStatus                                 build/stm32f4xx_rcc.o
RCC_GetITStatus                                   build/stm32f4xx_rcc.o
RCC_GetSYSCLKSource                               build/stm32f4xx_rcc.o
RCC_HCLKConfig                                    build/stm32f4xx_rcc.o
RCC_HSEConfig                                     build/stm32f4xx_rcc.o
RCC_HSICmd                                        build/stm32f4xx_rcc.o
RCC_I2SCLKConfig                                  build/stm32f4xx_rcc.o
RCC_IRQHandler                                    build/startup_stm32f407xx.o
RCC_ITConfig                                      build/stm32f4xx_rcc.o
RCC_LSEConfig                                     build/stm32f4xx_rcc.o
RCC_LSEModeConfig                                 build/stm32f4xx_rcc.o
RCC_LSICmd                                        build/stm32f4xx_rcc.o
RCC_LTDCCLKDivConfig                              build/stm32f4xx_rcc.o
RCC_MCO1Config                                    build/stm32f4xx_rcc.o
RCC_MCO2Config                                    build/stm32f4xx_rcc.o
RCC_PCLK1Config                                   build/stm32f4xx_rcc.o
RCC_PCLK2Config                                   build/stm32f4xx_rcc.o
RCC_PLLCmd                                        build/stm32f4xx_rcc.o
RCC_PLLConfig                                     build/stm32f4xx_rcc.o
RCC_PLLI2SCmd                                     build/stm32f4xx_rcc.o
RCC_PLLI2SConfig                                  build/stm32f4xx_rcc.o
RCC_PLLSAICmd                                     build/stm32f4xx_rcc.o
RCC_PLLSAIConfig                                  build/stm32f4xx_rcc.o
RCC_RTCCLKCmd                                     build/stm32f4xx_rcc.o
RCC_RTCCLKConfig                                  build/stm32f4xx_rcc.o
RCC_SAIBlockACLKConfig                            build/stm32f4xx_rcc.o
RCC_SAIBlockBCLKConfig                            build/stm32f4xx_rcc.o
RCC_SAIPLLI2SClkDivConfig                         build/stm32f4xx_rcc.o
RCC_SAIPLLSAIClkDivConfig                         build/stm32f4xx_rcc.o
RCC_SYSCLKConfig                                  build/stm32f4xx_rcc.o
RCC_TIMCLKPresConfig                              build/stm32f4xx_rcc.o
RCC_WaitForHSEStartUp                             build/stm32f4xx_rcc.o
RTC_Alarm_IRQHandler                              build/startup_stm32f407xx.o
RTC_WKUP_IRQHandler                               build/startup_stm32f407xx.o
Reset_Handler                                     build/startup_stm32f407xx.o
SDIO_IRQHandler                                   build/startup_stm32f407xx.o
SPI1_IRQHandler                                   build/startup_stm32f407xx.o
SPI2_IRQHandler                                   build/startup_stm32f407xx.o
SPI3_IRQHandler                                   build/startup_stm32f407xx.o
SPI_BiDirectionalLineConfig                       build/stm32f4xx_spi.o
SPI_CalculateCRC                                  build/stm32f4xx_spi.o
SPI_Cmd                                           build/stm32f4xx_spi.o
SPI_DataSizeConfig                                build/stm32f4xx_spi.o
SPI_GetCRC                                        build/stm32f4xx_spi.o
SPI_GetCRCPolynomial                              build/stm32f4xx_spi.o
SPI_I2S_ClearFlag                                 build/stm32f4xx_spi.o
SPI_I2S_ClearITPendingBit                         build/stm32f4xx_spi.o
SPI_I2S_DMACmd                                    build/stm32f4xx_spi.o
SPI_I2S_DeInit                                    build/stm32f4xx_spi.o
SPI_I2S_GetFlagStatus                             build/stm32f4xx_spi.o
SPI_I2S_GetITStatus                               build/stm32f4xx_spi.o
SPI_I2S_ITConfig                                  build/stm32f4xx_spi.o
SPI_I2S_ReceiveData                               build/stm32f4xx_spi.o
SPI_I2S_SendData                                  build/stm32f4xx_spi.o
SPI_Init                                          build/stm32f4xx_spi.o
SPI_NSSInternalSoftwareConfig                     build/stm32f4xx_spi.o
SPI_SSOutputCmd                                   build/stm32f4xx_spi.o
SPI_StructInit                                    build/stm32f4xx_spi.o
SPI_TIModeCmd                                     build/stm32f4xx_spi.o
SPI_TransmitCRC                                   build/stm32f4xx_spi.o
SVC_Handler                                       build/port.o
SysTick_CLKSourceConfig                           build/misc.o
SysTick_Handler                                   build/port.o
SystemCoreClock                                   build/system_stm32f4xx.o
                                                  build/port.o
SystemCoreClockUpdate                             build/system_stm32f4xx.o
SystemInit                                        build/system_stm32f4xx.o
                                                  build/startup_stm32f407xx.o
TAMP_STAMP_IRQHandler                             build/startup_stm32f407xx.o
TIM1_BRK_TIM9_IRQHandler                          build/startup_stm32f407xx.o
TIM1_CC_IRQHandler                                build/startup_stm32f407xx.o
TIM1_TRG_COM_TIM11_IRQHandler                     build/startup_stm32f407xx.o
TIM1_UP_TIM10_IRQHandler                          build/startup_stm32f407xx.o
TIM2_IRQHandler                                   build/stm32f4xx_it.o
TIM3_IRQHandler                                   build/startup_stm32f407xx.o
TIM4_IRQHandler                                   build/startup_stm32f407xx.o
TIM5_IRQHandler                                   build/startup_stm32f407xx.o
TIM6_DAC_IRQHandler                               build/startup_stm32f407xx.o
TIM7_IRQHandler                                   build/startup_stm32f407xx.o
TIM8_BRK_TIM12_IRQHandler                         build/startup_stm32f407xx.o
TIM8_CC_IRQHandler                                build/startup_stm32f407xx.o
TIM8_TRG_COM_TIM14_IRQHandler                     build/startup_stm32f407xx.o
TIM8_UP_TIM13_IRQHandler                          build/startup_stm32f407xx.o
TIM_ARRPreloadConfig                              build/stm32f4xx_tim.o
TIM_BDTRConfig                                    build/stm32f4xx_tim.o
TIM_BDTRStructInit                                build/stm32f4xx_tim.o
TIM_CCPreloadControl                              build/stm32f4xx_tim.o
TIM_CCxCmd                                        build/stm32f4xx_tim.o
TIM_CCxNCmd                                       build/stm32f4xx_tim.o
TIM_ClearFlag                                     build/stm32f4xx_tim.o
                                                  build/OBDII.o
TIM_ClearITPendingBit                             build/stm32f4xx_tim.o
                                                  build/stm32f4xx_it.o
TIM_ClearOC1Ref                                   build/stm32f4xx_tim.o
TIM_ClearOC2Ref                                   build/stm32f4xx_tim.o
TIM_ClearOC3Ref                                   build/stm32f4xx_tim.o
TIM_ClearOC4Ref                                   build/stm32f4xx_tim.o
TIM_Cmd                                           build/stm32f4xx_tim.o
                                                  build/OBDII.o
TIM_CounterModeConfig                             build/stm32f4xx_tim.o
TIM_CtrlPWMOutputs                                build/stm32f4xx_tim.o
TIM_DMACmd                                        build/stm32f4xx_tim.o
TIM_DMAConfig                                     build/stm32f4xx_tim.o
TIM_DeInit                                        build/stm32f4xx_tim.o
                                                  build/OBDII.o
TIM_ETRClockMode1Config                           build/stm32f4xx_tim.o
TIM_ETRClockMode2Config                           build/stm32f4xx_tim.o
TIM_ETRConfig                                     build/stm32f4xx_tim.o
TIM_EncoderInterfaceConfig                        build/stm32f4xx_tim.o
TIM_ForcedOC1Config                               build/stm32f4xx_tim.o
TIM_ForcedOC2Config                               build/stm32f4xx_tim.o
TIM_ForcedOC3Config                               build/stm32f4xx_tim.o
TIM_ForcedOC4Config                               build/stm32f4xx_tim.o
TIM_GenerateEvent                                 build/stm32f4xx_tim.o
TIM_GetCapture1                                   build/stm32f4xx_tim.o
TIM_GetCapture2                                   build/stm32f4xx_tim.o
TIM_GetCapture3                                   build/stm32f4xx_tim.o
TIM_GetCapture4                                   build/stm32f4xx_tim.o
TIM_GetCounter                                    build/stm32f4xx_tim.o
TIM_GetFlagStatus                                 build/stm32f4xx_tim.o
TIM_GetITStatus                                   build/stm32f4xx_tim.o
TIM_GetPrescaler                                  build/stm32f4xx_tim.o
TIM_ICInit                                        build/stm32f4xx_tim.o
TIM_ICStructInit                                  build/stm32f4xx_tim.o
TIM_ITConfig                                      build/stm32f4xx_tim.o
                                                  build/OBDII.o
TIM_ITRxExternalClockConfig                       build/stm32f4xx_tim.o
TIM_InternalClockConfig                           build/stm32f4xx_tim.o
TIM_OC1FastConfig                                 build/stm32f4xx_tim.o
TIM_OC1Init                                       build/stm32f4xx_tim.o
TIM_OC1NPolarityConfig                            build/stm32f4xx_tim.o
TIM_OC1PolarityConfig                             build/stm32f4xx_tim.o
TIM_OC1PreloadConfig                              build/stm32f4xx_tim.o
TIM_OC2FastConfig                                 build/stm32f4xx_tim.o
TIM_OC2Init                                       build/stm32f4xx_tim.o
TIM_OC2NPolarityConfig                            build/stm32f4xx_tim.o
TIM_OC2PolarityConfig                             build/stm32f4xx_tim.o
TIM_OC2PreloadConfig                              build/stm32f4xx_tim.o
TIM_OC3FastConfig                                 build/stm32f4xx_tim.o
TIM_OC3Init                                       build/stm32f4xx_tim.o
TIM_OC3NPolarityConfig                            build/stm32f4xx_tim.o
TIM_OC3PolarityConfig                             build/stm32f4xx_tim.o
TIM_OC3PreloadConfig                              build/stm32f4xx_tim.o
TIM_OC4FastConfig                                 build/stm32f4xx_tim.o
TIM_OC4Init                                       build/stm32f4xx_tim.o
TIM_OC4PolarityConfig                             build/stm32f4xx_tim.o
TIM_OC4PreloadConfig                              build/stm32f4xx_tim.o
TIM_OCStructInit                                  build/stm32f4xx_tim.o
TIM_PWMIConfig                                    build/stm32f4xx_tim.o
TIM_PrescalerConfig                               build/stm32f4xx_tim.o
TIM_RemapConfig                                   build/stm32f4xx_tim.o
TIM_SelectCCDMA                                   build/stm32f4xx_tim.o
TIM_SelectCOM                                     build/stm32f4xx_tim.o
TIM_SelectHallSensor                              build/stm32f4xx_tim.o
TIM_SelectInputTrigger                            build/stm32f4xx_tim.o
TIM_SelectMasterSlaveMode                         build/stm32f4xx_tim.o
TIM_SelectOCxM                                    build/stm32f4xx_tim.o
TIM_SelectOnePulseMode                            build/stm32f4xx_tim.o
TIM_SelectOutputTrigger                           build/stm32f4xx_tim.o
TIM_SelectSlaveMode                               build/stm32f4xx_tim.o
TIM_SetAutoreload                                 build/stm32f4xx_tim.o
TIM_SetClockDivision                              build/stm32f4xx_tim.o
TIM_SetCompare1                                   build/stm32f4xx_tim.o
TIM_SetCompare2                                   build/stm32f4xx_tim.o
TIM_SetCompare3                                   build/stm32f4xx_tim.o
TIM_SetCompare4                                   build/stm32f4xx_tim.o
TIM_SetCounter                                    build/stm32f4xx_tim.o
TIM_SetIC1Prescaler                               build/stm32f4xx_tim.o
TIM_SetIC2Prescaler                               build/stm32f4xx_tim.o
TIM_SetIC3Prescaler                               build/stm32f4xx_tim.o
TIM_SetIC4Prescaler                               build/stm32f4xx_tim.o
TIM_TIxExternalClockConfig                        build/stm32f4xx_tim.o
TIM_TimeBaseInit                                  build/stm32f4xx_tim.o
                                                  build/OBDII.o
TIM_TimeBaseStructInit                            build/stm32f4xx_tim.o
TIM_UpdateDisableConfig                           build/stm32f4xx_tim.o
TIM_UpdateRequestConfig                           build/stm32f4xx_tim.o
UART4_IRQHandler                                  build/startup_stm32f407xx.o
UART5_IRQHandler                                  build/startup_stm32f407xx.o
USART1_IRQHandler                                 build/stm32f4xx_it.o
USART2_IRQHandler                                 build/stm32f4xx_it.o
USART3_IRQHandler                                 build/startup_stm32f407xx.o
USART6_IRQHandler                                 build/startup_stm32f407xx.o
USART_ClearFlag                                   build/stm32f4xx_usart.o
                                                  build/OBDII.o
                                                  build/Blu.o
                                                  build/stm32f4xx_it.o
USART_ClearITPendingBit                           build/stm32f4xx_usart.o
USART_ClockInit                                   build/stm32f4xx_usart.o
USART_ClockStructInit                             build/stm32f4xx_usart.o
USART_Cmd                                         build/stm32f4xx_usart.o
                                                  build/OBDII.o
                                                  build/Blu.o
USART_DMACmd                                      build/stm32f4xx_usart.o
USART_DeInit                                      build/stm32f4xx_usart.o
USART_GetFlagStatus                               build/stm32f4xx_usart.o
                                                  build/OBDII.o
                                                  build/Blu.o
USART_GetITStatus                                 build/stm32f4xx_usart.o
USART_HalfDuplexCmd                               build/stm32f4xx_usart.o
USART_ITConfig                                    build/stm32f4xx_usart.o
                                                  build/OBDII.o
                                                  build/Blu.o
USART_Init                                        build/stm32f4xx_usart.o
                                                  build/OBDII.o
                                                  build/Blu.o
USART_IrDACmd                                     build/stm32f4xx_usart.o
USART_IrDAConfig                                  build/stm32f4xx_usart.o
USART_LINBreakDetectLengthConfig                  build/stm32f4xx_usart.o
USART_LINCmd                                      build/stm32f4xx_usart.o
USART_OneBitMethodCmd                             build/stm32f4xx_usart.o
USART_OverSampling8Cmd                            build/stm32f4xx_usart.o
USART_ReceiveData                                 build/stm32f4xx_usart.o
                                                  build/stm32f4xx_it.o
USART_ReceiverWakeUpCmd                           build/stm32f4xx_usart.o
USART_SendBreak                                   build/stm32f4xx_usart.o
USART_SendData                                    build/stm32f4xx_usart.o
                                                  build/OBDII.o
                                                  build/Blu.o
USART_SetAddress                                  build/stm32f4xx_usart.o
USART_SetGuardTime                                build/stm32f4xx_usart.o
USART_SetPrescaler                                build/stm32f4xx_usart.o
USART_SmartCardCmd                                build/stm32f4xx_usart.o
USART_SmartCardNACKCmd                            build/stm32f4xx_usart.o
USART_StructInit                                  build/stm32f4xx_usart.o
USART_WakeUpConfig                                build/stm32f4xx_usart.o
UsageFault_Handler                                build/stm32f4xx_it.o
WWDG_IRQHandler                                   build/startup_stm32f407xx.o
__bss_end__                                       c:/program files (x86)/gnu arm embedded toolchain/10 2021.10/bin/../lib/gcc/arm-none-eabi/10.3.1/../../../../arm-none-eabi/lib/thumb/v7e-m+fp/hard/crt0.o
__bss_start__                                     c:/program files (x86)/gnu arm embedded toolchain/10 2021.10/bin/../lib/gcc/arm-none-eabi/10.3.1/../../../../arm-none-eabi/lib/thumb/v7e-m+fp/hard/crt0.o
__call_exitprocs                                  c:/program files (x86)/gnu arm embedded toolchain/10 2021.10/bin/../lib/gcc/arm-none-eabi/10.3.1/../../../../arm-none-eabi/lib/thumb/v7e-m+fp/hard\libc_nano.a(lib_a-exit.o)
__deregister_frame_info                           c:/program files (x86)/gnu arm embedded toolchain/10 2021.10/bin/../lib/gcc/arm-none-eabi/10.3.1/thumb/v7e-m+fp/hard/crtbegin.o
__dso_handle                                      c:/program files (x86)/gnu arm embedded toolchain/10 2021.10/bin/../lib/gcc/arm-none-eabi/10.3.1/thumb/v7e-m+fp/hard/crtbegin.o
__init_array_end                                  c:/program files (x86)/gnu arm embedded toolchain/10 2021.10/bin/../lib/gcc/arm-none-eabi/10.3.1/../../../../arm-none-eabi/lib/thumb/v7e-m+fp/hard\libc_nano.a(lib_a-init.o)
__init_array_start                                c:/program files (x86)/gnu arm embedded toolchain/10 2021.10/bin/../lib/gcc/arm-none-eabi/10.3.1/../../../../arm-none-eabi/lib/thumb/v7e-m+fp/hard\libc_nano.a(lib_a-init.o)
__libc_fini_array                                 c:/program files (x86)/gnu arm embedded toolchain/10 2021.10/bin/../lib/gcc/arm-none-eabi/10.3.1/../../../../arm-none-eabi/lib/thumb/v7e-m+fp/hard/crt0.o
__libc_init_array                                 c:/program files (x86)/gnu arm embedded toolchain/10 2021.10/bin/../lib/gcc/arm-none-eabi/10.3.1/../../../../arm-none-eabi/lib/thumb/v7e-m+fp/hard\libc_nano.a(lib_a-init.o)
                                                  build/startup_stm32f407xx.o
                                                  c:/program files (x86)/gnu arm embedded toolchain/10 2021.10/bin/../lib/gcc/arm-none-eabi/10.3.1/../../../../arm-none-eabi/lib/thumb/v7e-m+fp/hard/crt0.o
__preinit_array_end                               c:/program files (x86)/gnu arm embedded toolchain/10 2021.10/bin/../lib/gcc/arm-none-eabi/10.3.1/../../../../arm-none-eabi/lib/thumb/v7e-m+fp/hard\libc_nano.a(lib_a-init.o)
__preinit_array_start                             c:/program files (x86)/gnu arm embedded toolchain/10 2021.10/bin/../lib/gcc/arm-none-eabi/10.3.1/../../../../arm-none-eabi/lib/thumb/v7e-m+fp/hard\libc_nano.a(lib_a-init.o)
__register_frame_info                             c:/program files (x86)/gnu arm embedded toolchain/10 2021.10/bin/../lib/gcc/arm-none-eabi/10.3.1/thumb/v7e-m+fp/hard/crtbegin.o
__sf_fake_stderr                                  c:/program files (x86)/gnu arm embedded toolchain/10 2021.10/bin/../lib/gcc/arm-none-eabi/10.3.1/../../../../arm-none-eabi/lib/thumb/v7e-m+fp/hard\libc_nano.a(lib_a-impure.o)
__sf_fake_stdin                                   c:/program files (x86)/gnu arm embedded toolchain/10 2021.10/bin/../lib/gcc/arm-none-eabi/10.3.1/../../../../arm-none-eabi/lib/thumb/v7e-m+fp/hard\libc_nano.a(lib_a-impure.o)
__sf_fake_stdout                                  c:/program files (x86)/gnu arm embedded toolchain/10 2021.10/bin/../lib/gcc/arm-none-eabi/10.3.1/../../../../arm-none-eabi/lib/thumb/v7e-m+fp/hard\libc_nano.a(lib_a-impure.o)
__stack                                           c:/program files (x86)/gnu arm embedded toolchain/10 2021.10/bin/../lib/gcc/arm-none-eabi/10.3.1/../../../../arm-none-eabi/lib/thumb/v7e-m+fp/hard/crt0.o
_ebss                                             build/startup_stm32f407xx.o
_edata                                            build/startup_stm32f407xx.o
_estack                                           build/startup_stm32f407xx.o
_exit                                             c:/program files (x86)/gnu arm embedded toolchain/10 2021.10/bin/../lib/gcc/arm-none-eabi/10.3.1/../../../../arm-none-eabi/lib/thumb/v7e-m+fp/hard\libnosys.a(_exit.o)
                                                  c:/program files (x86)/gnu arm embedded toolchain/10 2021.10/bin/../lib/gcc/arm-none-eabi/10.3.1/../../../../arm-none-eabi/lib/thumb/v7e-m+fp/hard\libc_nano.a(lib_a-exit.o)
_fini                                             c:/program files (x86)/gnu arm embedded toolchain/10 2021.10/bin/../lib/gcc/arm-none-eabi/10.3.1/thumb/v7e-m+fp/hard/crti.o
_global_impure_ptr                                c:/program files (x86)/gnu arm embedded toolchain/10 2021.10/bin/../lib/gcc/arm-none-eabi/10.3.1/../../../../arm-none-eabi/lib/thumb/v7e-m+fp/hard\libc_nano.a(lib_a-impure.o)
                                                  c:/program files (x86)/gnu arm embedded toolchain/10 2021.10/bin/../lib/gcc/arm-none-eabi/10.3.1/../../../../arm-none-eabi/lib/thumb/v7e-m+fp/hard\libc_nano.a(lib_a-exit.o)
_impure_ptr                                       c:/program files (x86)/gnu arm embedded toolchain/10 2021.10/bin/../lib/gcc/arm-none-eabi/10.3.1/../../../../arm-none-eabi/lib/thumb/v7e-m+fp/hard\libc_nano.a(lib_a-impure.o)
_init                                             c:/program files (x86)/gnu arm embedded toolchain/10 2021.10/bin/../lib/gcc/arm-none-eabi/10.3.1/thumb/v7e-m+fp/hard/crti.o
                                                  c:/program files (x86)/gnu arm embedded toolchain/10 2021.10/bin/../lib/gcc/arm-none-eabi/10.3.1/../../../../arm-none-eabi/lib/thumb/v7e-m+fp/hard\libc_nano.a(lib_a-init.o)
_mainCRTStartup                                   c:/program files (x86)/gnu arm embedded toolchain/10 2021.10/bin/../lib/gcc/arm-none-eabi/10.3.1/../../../../arm-none-eabi/lib/thumb/v7e-m+fp/hard/crt0.o
_sbss                                             build/startup_stm32f407xx.o
_sdata                                            build/startup_stm32f407xx.o
_sidata                                           build/startup_stm32f407xx.o
_stack_init                                       c:/program files (x86)/gnu arm embedded toolchain/10 2021.10/bin/../lib/gcc/arm-none-eabi/10.3.1/../../../../arm-none-eabi/lib/thumb/v7e-m+fp/hard/crt0.o
_start                                            c:/program files (x86)/gnu arm embedded toolchain/10 2021.10/bin/../lib/gcc/arm-none-eabi/10.3.1/../../../../arm-none-eabi/lib/thumb/v7e-m+fp/hard/crt0.o
atexit                                            c:/program files (x86)/gnu arm embedded toolchain/10 2021.10/bin/../lib/gcc/arm-none-eabi/10.3.1/../../../../arm-none-eabi/lib/thumb/v7e-m+fp/hard/crt0.o
bus_off                                           build/OBDII.o
bytesToHexString                                  build/hexString.o
                                                  build/main.o
c_dt                                              build/OBDII.o
                                                  build/stm32f4xx_it.o
c_rcv_flag                                        build/OBDII.o
                                                  build/stm32f4xx_it.o
can_Configuration                                 build/OBDII.o
can_rcv                                           build/OBDII.o
can_send                                          build/OBDII.o
count                                             build/stm32f4xx_it.o
delay                                             build/main.o
deviceId                                          build/Blu.o
                                                  build/main.o
dif_count                                         build/stm32f4xx_it.o
dif_count_HTGP                                    build/stm32f4xx_it.o
dif_count_obd                                     build/stm32f4xx_it.o
                                                  build/OBDII.o
dif_count_obd2                                    build/stm32f4xx_it.o
                                                  build/main.o
difs_count                                        build/stm32f4xx_it.o
difs_count1                                       build/stm32f4xx_it.o
difs_count_HTGP                                   build/stm32f4xx_it.o
difs_count_obd                                    build/stm32f4xx_it.o
difs_count_obd2                                   build/stm32f4xx_it.o
eTaskGetState                                     build/tasks.o
exit                                              c:/program files (x86)/gnu arm embedded toolchain/10 2021.10/bin/../lib/gcc/arm-none-eabi/10.3.1/../../../../arm-none-eabi/lib/thumb/v7e-m+fp/hard\libc_nano.a(lib_a-exit.o)
                                                  c:/program files (x86)/gnu arm embedded toolchain/10 2021.10/bin/../lib/gcc/arm-none-eabi/10.3.1/../../../../arm-none-eabi/lib/thumb/v7e-m+fp/hard/crt0.o
flasg_t                                           build/OBDII.o
g_pfnVectors                                      build/startup_stm32f407xx.o
hardware_init_hook                                c:/program files (x86)/gnu arm embedded toolchain/10 2021.10/bin/../lib/gcc/arm-none-eabi/10.3.1/../../../../arm-none-eabi/lib/thumb/v7e-m+fp/hard/crt0.o
hexStringToBytes                                  build/hexString.o
                                                  build/main.o
init_obd                                          build/OBDII.o
                                                  build/stm32f4xx_it.o
init_obd_port                                     build/main.o